>>> import wb3m5
>>> gs = wb3m5.TodaysGames()
Traceback (most recent call last):
  File "<stdin>", line 1, in <module>
  File "/home/eddie7/code/wb3m5.py", line 338, in TodaysGames
    today = datetime.date.today().__str__()
AttributeError: 'method_descriptor' object has no attribute 'today'
>>> reload wb3m5
  File "<stdin>", line 1
    reload wb3m5
               ^
SyntaxError: invalid syntax
>>> pwd()
Traceback (most recent call last):
  File "<stdin>", line 1, in <module>
NameError: name 'pwd' is not defined
>>> sys.pwd()
Traceback (most recent call last):
  File "<stdin>", line 1, in <module>
AttributeError: 'module' object has no attribute 'pwd'
>>> reload(wb3m5)
<module 'wb3m5' from '/home/eddie7/code/wb3m5.pyc'>
>>> gs = TodaysGames()
Traceback (most recent call last):
  File "<stdin>", line 1, in <module>
NameError: name 'TodaysGames' is not defined
>>> gs = wb3m5.TodaysGames()
Traceback (most recent call last):
  File "<stdin>", line 1, in <module>
  File "/home/eddie7/code/wb3m5.py", line 338, in TodaysGames
    today = datetime.date.today().__str__()
AttributeError: 'method_descriptor' object has no attribute 'today'
>>> import datetime
>>> datetime.date.today()
datetime.date(2014, 8, 1)
>>> import wb3m5
>>> wb3m5.TodaysGames()
Traceback (most recent call last):
  File "<stdin>", line 1, in <module>
  File "/home/eddie7/code/wb3m5.py", line 338, in TodaysGames
    today = datetime.date.today().__str__()
AttributeError: 'method_descriptor' object has no attribute 'today'
>>>    today = datetime.date.today().__str__()
  File "<stdin>", line 1
    today = datetime.date.today().__str__()
    ^
IndentationError: unexpected indent
>>> today = datetime.date.today().__str__()
>>> today
'2014-08-01'
>>> gs = DateGames('2014-08-01')
Traceback (most recent call last):
  File "<stdin>", line 1, in <module>
NameError: name 'DateGames' is not defined
>>> gs = wb3m5.DateGames('2014-08-01')
>>> gs
[u'2014_08_01_anamlb_tbamlb_1', u'2014_08_01_atlmlb_sdnmlb_1', u'2014_08_01_chnmlb_lanmlb_1', u'2014_08_01_cinmlb_miamlb_1', u'2014_08_01_colmlb_detmlb_1', u'2014_08_01_kcamlb_oakmlb_1', u'2014_08_01_milmlb_slnmlb_1', u'2014_08_01_minmlb_chamlb_1', u'2014_08_01_nyamlb_bosmlb_1', u'2014_08_01_phimlb_wasmlb_1', u'2014_08_01_pitmlb_arimlb_1', u'2014_08_01_seamlb_balmlb_1', u'2014_08_01_sfnmlb_nynmlb_1', u'2014_08_01_texmlb_clemlb_1', u'2014_08_01_tormlb_houmlb_1']
>>> gs(1)
Traceback (most recent call last):
  File "<stdin>", line 1, in <module>
TypeError: 'list' object is not callable
>>> gs[1]
u'2014_08_01_atlmlb_sdnmlb_1'
>>> gs[0]
u'2014_08_01_anamlb_tbamlb_1'
>>> gs[12]
u'2014_08_01_sfnmlb_nynmlb_1'
>>> j = wb3m5.GetGameBoxScoreJson(gs[12])
>>> j
>>> j
>>> class(j)
  File "<stdin>", line 1
    class(j)
         ^
SyntaxError: invalid syntax
>>> type(j)
<type 'NoneType'>
>>> reload(wb3m5)
<module 'wb3m5' from '/home/eddie7/code/wb3m5.py'>
>>> j = wb3m5.GetGameBoxScoreJson(gs[12])
>>> j
{u'data': {u'boxscore': {u'home_fname': u'New York Mets', u'away_wins': u'59', u'home_team_code': u'nyn', u'home_sname': u'NY Mets', u'game_pk': u'382178', u'batting': [{u'lob': u'3', u'ab': u'27', u'd': u'0', u'bb': u'1', u'po': u'27', u'hr': u'1', u'h': u'2', u'da': u'16', u'note': u'\n         <pinch_hitters>a-Grounded out for Black in the 9th. </pinch_hitters>', u'r': u'1', u'batter': [{u'ab': u'3', u'sac': u'0', u'pos': u'RF', u'ao': u'1', u'go': u'1', u'cs': u'0', u'fldg': u'1.000', u'avg': u'.232', u'id': u'434158', u'lob': u'0', u's_r': u'53', u'hr': u'0', u'r': u'0', u's_h': u'86', u'po': u'1', u's_bb': u'59', u'bb': u'1', u's_so': u'102', u'bo': u'100', u's_hr': u'15', u'd': u'0', u'a': u'0', u'e': u'0', u'name': u'Granderson', u'h': u'0', u's_rbi': u'44', u'hbp': u'0', u'name_display_first_last': u'Curtis Granderson', u'so': u'1', u't': u'0', u'rbi': u'0', u'sb': u'0', u'sf': u'0'}, {u'ab': u'3', u'sac': u'0', u'pos': u'2B', u'ao': u'2', u'go': u'2', u'cs': u'0', u'fldg': u'1.000', u'avg': u'.296', u'id': u'502517', u'lob': u'1', u's_r': u'62', u'hr': u'0', u'r': u'0', u's_h': u'131', u'po': u'4', u's_bb': u'32', u'bb': u'0', u's_so': u'60', u'bo': u'200', u's_hr': u'8', u'e': u'0', u'd': u'0', u'a': u'3', u'gidp': u'1', u'name': u'Murphy, Dn', u'h': u'0', u's_rbi': u'43', u'sf': u'0', u'name_display_first_last': u'Daniel Murphy', u'so': u'0', u't': u'0', u'rbi': u'0', u'sb': u'0', u'hbp': u'0'}, {u'ab': u'3', u'sac': u'0', u'pos': u'3B', u'ao': u'2', u'cs': u'0', u'fldg': u'1.000', u'avg': u'.270', u'id': u'431151', u'lob': u'0', u's_r': u'43', u'hr': u'0', u'r': u'0', u's_h': u'110', u'po': u'1', u's_bb': u'36', u'bb': u'0', u's_so': u'83', u'bo': u'300', u's_hr': u'8', u'd': u'0', u'a': u'4', u'e': u'0', u'name': u'Wright, D', u'h': u'0', u's_rbi': u'52', u'hbp': u'0', u'name_display_first_last': ul'David Wright', u'so': u'1', u't': u'0', u'rbi': u'0', u'sb': u'0', u'sf': u'0'}, {u'ab': u'3', u'sac': u'0', u'pos': u'1B', u'ao': u'1', u'go': u'1', u'cs': u'0', u'fldg': u'1.000', u'avg': u'.263', u'id': u'446263', u'lob': u'0', u's_r': u'48', u'hr': u'1', u'r': u'1', u's_h': u'86', u'po': u'10', u's_bb': u'44', u'bb': u'0', u's_so': u'80', u'bo': u'400', u's_hr': u'20', u'd': u'0', u'a': u'1', u'e': u'0', u'name': u'Duda', u'h': u'1', u's_rbi': u'61', u'hbp': u'0', u'name_display_first_last': u'Lucas Duda', u'so': u'0', u't': u'0', u'rbi': u'1', u'sb': u'0', u'sf': u'0'}, {u'ab': u'3', u'sac': u'0', u'pos': u'LF', u'ao': u'2', u'cs': u'0', u'fldg': u'.000', u'avg': u'.207', u'id': u'455759', u'lob': u'0', u's_r': u'30', u'hr': u'0', u'r': u'0', u's_h': u'50', u'po': u'0', u's_bb': u'24', u'bb': u'0', u's_so': u'52', u'bo': u'500', u's_hr': u'8', u'd': u'0', u'a': u'0', u'e': u'0', u'name': u'Young, C', u'h': u'0', u's_rbi': u'28', u'hbp': u'0', u'name_display_first_last': u'Chris Young', u'so': u'1', u't': u'0', u'rbi': u'0', u'sb': u'0', u'sf': u'0'}, {u'ab': u'3', u'sac': u'0', u'pos': u'C', u'ao': u'2', u'go': u'1', u'cs': u'0', u'fldg': u'1.000', u'avg': u'.226', u'id': u'518595', u'lob': u'0', u's_r': u'23', u'hr': u'0', u'r': u'0', u's_h': u'53', u'po': u'4', u's_bb': u'21', u'bb': u'0', u's_so': u'45', u'bo': u'600', u's_hr': u'7', u'd': u'0', u'a': u'0', u'e': u'0', u'name': u"d'Arnaud, T", u'h': u'0', u's_rbi': u'26', u'hbp': u'0', u'name_display_first_last': u"Travis d'Arnaud", u'so': u'0', u't': u'0', u'rbi': u'0', u'sb': u'0', u'sf': u'0'}, {u'ab': u'3', u'sac': u'0', u'pos': u'CF', u'ao': u'1', u'go': u'1', u'cs': u'0', u'fldg': u'1.000', u'avg': u'.279', u'id': u'501571', u'lob': u'0', u's_r': u'27', u'hr': u'0', u'r': u'0', u's_h': u'73', u'po': u'5', u's_bb': u'12', u'bb': u'0', u's_so': u'62', u'bo': u'700', u's_hr': u'2', u'd': u'0', u'a': u'0', u'e': u'0', u'name': u'Lagares', u'h': u'1', u's_rbi': u'28', u'hbp': u'0', u'name_display_first_last': u'Juan Lagares', u'so': u'0', u't': u'0', u'rbi': u'0', u'sb': u'0', u'sf': u'0'}, {u'ab': u'3', u'sac': u'0', u'pos': u'SS', u'ao': u'0', u'go': u'2', u'cs': u'0', u'fldg': u'1.000', u'avg': u'.231', u'id': u'514913', u'lob': u'1', u's_r': u'26', u'hr': u'0', u'r': u'0', u's_h': u'64', u'po': u'2', u's_bb': u'47', u'bb': u'0', u's_so': u'63', u'bo': u'800', u's_hr': u'2', u'd': u'0', u'a': u'6', u'e': u'0', u'name': u'Tejada, R', u'h': u'0', u's_rbi': u'23', u'hbp': u'0', u'name_display_first_last': u'Ruben Tejada', u'so': u'1', u't': u'0', u'rbi': u'0', u'sb': u'0', u'sf': u'0'}, {u'ab': u'2', u'sac': u'0', u'pos': u'P', u'ao': u'1', u'cs': u'0', u'fldg': u'.667', u'avg': u'.032', u'id': u'477003', u'lob': u'1', u's_r': u'2', u'hr': u'0', u'r': u'0', u's_h': u'1', u'po': u'0', u's_bb': u'5', u'bb': u'0', u's_so': u'21', u'bo': u'900', u's_hr': u'0', u'd': u'0', u'a': u'2', u'e': u'1', u'name': u'Niese', u'h': u'0', u's_rbi': u'3', u'hbp': u'0', u'name_display_first_last': u'Jon Niese', u'so': u'1', u't': u'0', u'rbi': u'0', u'sb': u'0', u'sf': u'0'}, {u'ab': u'0', u'sac': u'0', u'pos': u'P', u'ao': u'0', u'cs': u'0', u'fldg': u'.000', u'avg': u'.000', u'id': u'502195', u'lob': u'0', u's_r': u'0', u'hr': u'0', u'r': u'0', u's_h': u'0', u'po': u'0', u's_bb': u'0', u'bb': u'0', u's_so': u'0', u'bo': u'901', u's_hr': u'0', u'd': u'0', u'a': u'0', u'e': u'0', u'name': u'Black', u'h': u'0', u's_rbi': u'0', u'hbp': u'0', u'name_display_first_last': u'Vic Black', u'so': u'0', u't': u'0', u'rbi': u'0', u'sb': u'0', u'sf': u'0'}, {u'ab': u'1', u'sac': u'0', u'pos': u'PH', u'ao': u'0', u'go': u'1', u'cs': u'0', u'fldg': u'.000', u'avg': u'.238', u'id': u'110029', u'lob': u'0', u's_r': u'12', u'note': u'a-', u'hr': u'0', u'r': u'0', u's_h': u'29', u'po': u'0', u's_bb': u'18', u'bb': u'0', u's_so': u'21', u'bo': u'902', u's_hr': u'1', u'd': u'0', u'a': u'0', u'e': u'0', u'name': u'Abreu', u'h': u'0', u's_rbi': u'14', u'sf': u'0', u'name_display_first_last': u'Bobby Abreu', u'so': u'0', u't': u'0', u'rbi': u'0', u'sb': u'0', u'hbp': u'0'}], u't': u'0', u'rbi': u'1', u'text_data': u'\n         <home_runs>Duda (20, 8th inning off Vogelsong, 0 on, 0 out).</home_runs><br/>\n         <total_bases>Duda 4; Lagares.</total_bases><br/>\n         <rbi>Duda (61).</rbi><br/>\n         <grounded_into_dp>Murphy, Dn.</grounded_into_dp><br/>\n         <team_risp>0-for-1.</team_risp>\n         <errors>Niese (3, throw).</errors><br/>\n         <double_plays>2 (Murphy, Dn-Tejada, R-Duda, Duda-Tejada, R-Murphy, Dn).</double_plays><br/><br/>', u'so': u'5', u'avg': u'.238', u'team_flag': u'home'}, {u'lob': u'11', u'ab': u'34', u'd': u'1', u'bb': u'1', u'po': u'27', u'hr': u'0', u'h': u'9', u'da': u'10', u'r': u'5', u'batter': [{u'ab': u'4', u'sac': u'0', u'pos': u'RF', u'ao': u'1', u'go': u'1', u'cs': u'0', u'fldg': u'1.000', u'avg': u'.288', u'id': u'452254', u'lob': u'1', u's_r': u'74', u'hr': u'0', u'r': u'1', u's_h': u'128', u'po': u'3', u's_bb': u'35', u'bb': u'1', u's_so': u'80', u'bo': u'100', u's_hr': u'13', u'd': u'0', u'a': u'0', u'e': u'0', u'name': u'Pence', u'h': u'1', u's_rbi': u'45', u'hbp': u'0', u'name_display_first_last': u'Hunter Pence', u'so': u'1', u't': u'1', u'rbi': u'3', u'sb': u'0', u'sf': u'0'}, {u'ab': u'4', u'sac': u'0', u'pos': u'2B', u'ao': u'2', u'go': u'1', u'cs': u'0', u'fldg': u'1.000', u'avg': u'.250', u'id': u'622110', u'lob': u'2', u's_r': u'0', u'hr': u'0', u'r': u'0', u's_h': u'1', u'po': u'2', u's_bb': u'0', u'bb': u'0', u's_so': u'0', u'bo': u'200', u's_hr': u'0', u'd': u'0', u'a': u'4', u'e': u'0', u'name': u'Duffy', u'h': u'1', u's_rbi': u'1', u'hbp': u'1', u'name_display_first_last': u'Matt Duffy', u'so': u'0', u't': u'0', u'rbi': u'1', u'sb': u'0', u'sf': u'0'}, {u'ab': u'4', u'sac': u'0', u'pos': u'C', u'ao': u'0', u'go': u'3', u'cs': u'0', u'fldg': u'1.000', u'avg': u'.281', u'id': u'457763', u'lob': u'2', u's_r': u'40', u'hr': u'0', u'r': u'0', u's_h': u'101', u'po': u'5', u's_bb': u'34', u'bb': u'0', u's_so': u'45', u'bo': u'300', u's_hr': u'12', u'e': u'0', u'd': u'0', u'a': u'0', u'gidp': u'1', u'name': u'Posey', u'h': u'1', u's_rbi': u'54', u'sf': u'0', u'name_display_first_last': u'Buster Posey', u'so': u'1', u't': u'0', u'rbi': u'0', u'sb': u'0', u'hbp': u'0'}, {u'ab': u'4', u'sac': u'0', u'pos': u'3B', u'ao': u'2', u'go': u'1', u'cs': u'0', u'fldg': u'1.000', u'avg': u'.277', u'id': u'467055', u'lob': u'1', u's_r': u'48', u'hr': u'0', u'r': u'0', u's_h': u'108', u'po': u'2', u's_bb': u'28', u'bb': u'0', u's_so': u'61', u'bo': u'400', u's_hr': u'12', u'd': u'0', u'a': u'3', u'e': u'0', u'name': u'Sandoval', u'h': u'1', u's_rbi': u'45', u'hbp': u'0', u'name_display_first_last': u'Pablo Sandoval', u'so': u'0', u't': u'0', u'rbi': u'0', u'sb': u'0', u'sf': u'0'}, {u'ab': u'4', u'sac': u'0', u'pos': u'1B', u'ao': u'1', u'go': u'1', u'cs': u'0', u'fldg': u'1.000', u'avg': u'.275', u'id': u'434604', u'lob': u'2', u's_r': u'38', u'hr': u'0', u'r': u'0', u's_h': u'100', u'po': u'6', u's_bb': u'23', u'bb': u'0', u's_so': u'100', u'bo': u'500', u's_hr': u'15', u'd': u'0', u'a': u'1', u'e': u'0', u'name': u'Morse', u'h': u'1', u's_rbi': u'49', u'hbp': u'0', u'name_display_first_last': u'Michael Morse', u'so': u'1', u't': u'0', u'rbi': u'0', u'sb': u'0', u'sf': u'0'}, {u'ab': u'0', u'sac': u'0', u'pos': u'1B', u'ao': u'0', u'cs': u'0', u'fldg': u'1.000', u'avg': u'.200', u'id': u'448170', u'lob': u'0', u's_r': u'2', u'hr': u'0', u'r': u'0', u's_h': u'7', u'po': u'4', u's_bb': u'3', u'bb': u'0', u's_so': u'12', u'bo': u'501', u's_hr': u'1', u'd': u'0', u'a': u'0', u'e': u'0', u'name': u'Ishikawa', u'h': u'0', u's_rbi': u'3', u'hbp': u'0', u'name_display_first_last': u'Travis Ishikawa', u'so': u'0', u't': u'0', u'rbi': u'0', u'sb': u'0', u'sf': u'0'}, {u'ab': u'4', u'sac': u'0', u'pos': u'LF', u'ao': u'1', u'go': u'2', u'cs': u'0', u'fldg': u'1.000', u'avg': u'.160', u'id': u'543633', u'lob': u'1', u's_r': u'8', u'hr': u'0', u'r': u'1', u's_h': u'8', u'po': u'1', u's_bb': u'2', u'bb': u'0', u's_so': u'16', u'bo': u'600', u's_hr': u'1', u'd': u'1', u'a': u'0', u'e': u'0', u'name': u'Perez, J', u'h': u'1', u's_rbi': u'2', u'hbp': u'0', u'name_display_first_last': u'Juan Perez', u'so': u'0', u't': u'0', u'rbi': u'0', u'sb': u'0', u'sf': u'0'}, {u'ab': u'4', u'sac': u'0', u'pos': u'CF', u'ao': u'0', u'go': u'4', u'cs': u'0', u'fldg': u'1.000', u'avg': u'.241', u'id': u'453923', u'lob': u'1', u's_r': u'25', u'hr': u'0', u'r': u'1', u's_h': u'59', u'po': u'1', u's_bb': u'24', u'bb': u'0', u's_so': u'53', u'bo': u'700', u's_hr': u'1', u'd': u'0', u'a': u'0', u'e': u'0', u'name': u'Blanco, G', u'h': u'0', u's_rbi': u'19', u'hbp': u'0', u'name_display_first_last': u'Gregor Blanco', u'so': u'0', u't': u'0', u'rbi': u'0', u'sb': u'0', u'sf': u'0'}, {u'ab': u'4', u'sac': u'0', u'pos': u'SS', u'ao': u'0', u'go': u'1', u'cs': u'0', u'fldg': u'1.000', u'avg': u'.240', u'id': u'543063', u'lob': u'0', u's_r': u'42', u'hr': u'0', u'r': u'1', u's_h': u'81', u'po': u'3', u's_bb': u'44', u'bb': u'0', u's_so': u'87', u'bo': u'800', u's_hr': u'8', u'd': u'0', u'a': u'1', u'e': u'0', u'name': u'Crawford, B', u'h': u'3', u's_rbi': u'46', u'hbp': u'0', u'name_display_first_last': u'Brandon Crawford', u'so': u'0', u't': u'1', u'rbi': u'1', u'sb': u'0', u'sf': u'0'}, {u'ab': u'2', u'sac': u'1', u'pos': u'P', u'ao': u'0', u'go': u'3', u'cs': u'0', u'fldg': u'1.000', u'avg': u'.132', u'id': u'285064', u'lob': u'1', u's_r': u'2', u'hr': u'0', u'r': u'1', u's_h': u'5', u'po': u'0', u's_bb': u'1', u'bb': u'0', u's_so': u'12', u'bo': u'900', u's_hr': u'0', u'e': u'0', u'd': u'0', u'a': u'1', u'gidp': u'1', u'name': u'Vogelsong', u'h': u'0', u's_rbi': u'2', u'sf': u'0', u'name_display_first_last': u'Ryan Vogelsong', u'so': u'1', u't': u'0', u'rbi': u'0', u'sb': u'0', u'hbp': u'1'}], u't': u'2', u'rbi': u'5', u'text_data': u'\n         <doubles>Perez, J (3, Niese).</doubles><br/>\n         <triples>Crawford, B (9, Niese), Pence (7, Niese).</triples><br/>\n         <total_bases>Sandoval; Crawford, B 5; Duffy; Morse; Pence 3; Perez, J 2; Posey.</total_bases><br/>\n         <rbi>Crawford, B (46), Pence 3 (45), Duffy (1).</rbi><br/>\n         <risp_lob_two_out>Morse; Duffy.</risp_lob_two_out><br/>\n         <sac_bunts>Vogelsong.</sac_bunts><br/>\n         <grounded_into_dp>Posey, Vogelsong.</grounded_into_dp><br/>\n         <team_risp>3-for-7.</team_risp>\n         <team_lob>6.</team_lob>\n         <double_plays>2 (Crawford, B-Duffy-Morse, Morse-Crawford, B).</double_plays><br/><br/>', u'so': u'4', u'avg': u'.243', u'team_flag': u'away'}], u'away_sname': u'San Francisco', u'status_ind': u'F', u'venue_id': u'3289', u'venue_name': u'Citi Field', u'game_info': u'\n      <relief_no_out>Niese pitched to 1 batter in the 9th.</relief_no_out><br/><br/>\n      <hit_by_pitch>Duffy (by Niese), Vogelsong (by Niese).</hit_by_pitch><br/>\n      <pitches_to_strikes>Vogelsong 102-69, Niese 87-68, Black 11-6.</pitches_to_strikes><br/>\n      <groundouts_to_flyouts>Vogelsong 8-4, Niese 14-4, Black 1-0.</groundouts_to_flyouts><br/>\n      <batters_faced>Vogelsong 28, Niese 35, Black 3.</batters_faced><br/>\n      <inherited_runners_scored>Black 1-0.</inherited_runners_scored><br/>\n      <umpires>\n         <umpire id="427269" position="HP" name="Jeff Kellogg"></umpire>\n         <umpire id="427366" position="1B" name="Brian O\'Nora"></umpire>\n         <umpire id="482666" position="2B" name="D.J. Reyburn"></umpire>\n         <umpire id="521251" position="3B" name="Ben May"></umpire>\n      </umpires>\n      <weather>77 degrees, cloudy</weather>\n      <wind>10 mph, Out to LF</wind>\n      <time>2:06</time>\n      <attendance>28,905</attendance>\n      <wind>Citi Field</wind>\n      <wind>August 1, 2014</wind>', u'home_sport_code': u'mlb', u'home_id': u'121', u'pitching': [{u'bf': u'28', u'bb': u'1', u'hr': u'1', u'h': u'2', u'pitcher': {u's_ip': u'127.2', u'win': u'true', u'pos': u'P', u'l': u'8', u's_er': u'53', u'hld': u'0', u'id': u'285064', u'er': u'1', u's_r': u'56', u'note': u'(W, 6-8)', u's_so': u'106', u'r': u'1', u'np': u'102', u's_h': u'129', u'out': u'27', u'bf': u'28', u's_bb': u'34', u'bb': u'1', u'hr': u'1', u'bs': u'0', u'name': u'Vogelsong', u'h': u'2', u'sv': u'0', u's': u'69', u'name_display_first_last': u'Ryan Vogelsong', u'so': u'5', u'era': u'3.74', u'w': u'6'}, u'r': u'1', u'so': u'5', u'era': u'3.37', u'out': u'27', u'team_flag': u'away', u'er': u'1'}, {u'bf': u'38', u'bb': u'1', u'hr': u'0', u'h': u'9', u'pitcher': [{u's_ip': u'122.1', u'pos': u'P', u'l': u'7', u's_er': u'44', u'hld': u'0', u'id': u'477003', u'er': u'3', u's_r': u'50', u'note': u'(L, 5-7)', u's_so': u'88', u'r': u'5', u'np': u'87', u's_h': u'122', u'out': u'24', u'bf': u'35', u's_bb': u'32', u'bb': u'0', u'hr': u'0', u'bs': u'0', u'loss': u'true', u'name': u'Niese', u'h': u'9', u'sv': u'0', u's': u'68', u'name_display_first_last': u'Jon Niese', u'so': u'4', u'era': u'3.24', u'w': u'5'}, {u's_ip': u'25.0', u'pos': u'P', u'l': u'3', u's_er': u'5', u'hld': u'8', u'id': u'502195', u'er': u'0', u's_r': u'6', u's_so': u'23', u'r': u'0', u'np': u'11', u's_h': u'17', u'out': u'3', u'bf': u'3', u'w': u'2', u'bb': u'1', u'hr': u'0', u'bs': u'0', u'name': u'Black', u'h': u'0', u'sv': u'0', u's': u'6', u'name_display_first_last': u'Vic Black', u'so': u'0', u'era': u'1.80', u's_bb': u'14'}], u'r': u'5', u'so': u'4', u'era': u'3.49', u'out': u'27', u'team_flag': u'home', u'er': u'3'}], u'away_fname': u'San Francisco Giants', u'home_loss': u'57', u'away_team_code': u'sfn', u'date': u'August 1, 2014', u'game_id': u'2014/08/01/sfnmlb-nynmlb-1', u'away_id': u'137', u'away_loss': u'50', u'linescore': {u'home_team_runs': u'1', u'home_team_hits': u'2', u'away_team_errors': u'0', u'away_team_runs': u'5', u'home_team_errors': u'1', u'inning_line_score': [{u'home': u'0', u'away': u'0', u'inning': u'1'}, {u'home': u'0', u'away': u'2', u'inning': u'2'}, {u'home': u'0', u'away': u'0', u'inning': u'3'}, {u'home': u'0', u'away': u'0', u'inning': u'4'}, {u'home': u'0', u'away': u'0', u'inning': u'5'}, {u'home': u'0', u'away': u'0', u'inning': u'6'}, {u'home': u'0', u'away': u'3', u'inning': u'7'}, {u'home': u'1', u'away': u'0', u'inning': u'8'}, {u'home': u'0', u'away': u'0', u'inning': u'9'}], u'away_team_hits': u'9'}, u'home_wins': u'52'}}, u'copyright': u'Copyright 2014 MLB Advanced Media, L.P.  Use of any content on this page acknowledges agreement to the terms posted here http://gdx.mlb.com/components/copyright.txt', u'subject': u'boxscore'}
>>> j
{u'data': {u'boxscore': {u'home_fname': u'New York Mets', u'away_wins': u'59', u'home_team_code': u'nyn', u'home_sname': u'NY Mets', u'game_pk': u'382178', u'batting': [{u'lob': u'3', u'ab': u'27', u'd': u'0', u'bb': u'1', u'po': u'27', u'hr': u'1', u'h': u'2', u'da': u'16', u'note': u'\n         <pinch_hitters>a-Grounded out for Black in the 9th. </pinch_hitters>', u'r': u'1', u'batter': [{u'ab': u'3', u'sac': u'0', u'pos': u'RF', u'ao': u'1', u'go': u'1', u'cs': u'0', u'fldg': u'1.000', u'avg': u'.232', u'id': u'434158', u'lob': u'0', u's_r': u'53', u'hr': u'0', u'r': u'0', u's_h': u'86', u'po': u'1', u's_bb': u'59', u'bb': u'1', u's_so': u'102', u'bo': u'100', u's_hr': u'15', u'd': u'0', u'a': u'0', u'e': u'0', u'name': u'Granderson', u'h': u'0', u's_rbi': u'44', u'hbp': u'0', u'name_display_first_last': u'Curtis Granderson', u'so': u'1', u't': u'0', u'rbi': u'0', u'sb': u'0', u'sf': u'0'}, {u'ab': u'3', u'sac': u'0', u'pos': u'2B', u'ao': u'2', u'go': u'2', u'cs': u'0', u'fldg': u'1.000', u'avg': u'.296', u'id': u'502517', u'lob': u'1', u's_r': u'62', u'hr': u'0', u'r': u'0', u's_h': u'131', u'po': u'4', u's_bb': u'32', u'bb': u'0', u's_so': u'60', u'bo': u'200', u's_hr': u'8', u'e': u'0', u'd': u'0', u'a': u'3', u'gidp': u'1', u'name': u'Murphy, Dn', u'h': u'0', u's_rbi': u'43', u'sf': u'0', u'name_display_first_last': u'Daniel Murphy', u'so': u'0', u't': u'0', u'rbi': u'0', u'sb': u'0', u'hbp': u'0'}, {u'ab': u'3', u'sac': u'0', u'pos': u'3B', u'ao': u'2', u'cs': u'0', u'fldg': u'1.000', u'avg': u'.270', u'id': u'431151', u'lob': u'0', u's_r': u'43', u'hr': u'0', u'r': u'0', u's_h': u'110', u'po': u'1', u's_bb': u'36', u'bb': u'0', u's_so': u'83', u'bo': u'300', u's_hr': u'8', u'd': u'0', u'a': u'4', u'e': u'0', u'name': u'Wright, D', u'h': u'0', u's_rbi': u'52', u'hbp': u'0', u'name_display_first_last': u'David Wright', u'so': u'1', u't': u'0', u'rbi': u'0', u'sb': u'0', u'sf': u'0'}, {u'ab': u'3', u'sac': u'0', u'pos': u'1B', u'ao': u'1', u'go': u'1', u'cs': u'0', u'fldg': u'1.000', u'avg': u'.263', u'id': u'446263', u'lob': u'0', u's_r': u'48', u'hr': u'1', u'r': u'1', u's_h': u'86', u'po': u'10', u's_bb': u'44', u'bb': u'0', u's_so': u'80', u'bo': u'400', u's_hr': u'20', u'd': u'0', u'a': u'1', u'e': u'0', u'name': u'Duda', u'h': u'1', u's_rbi': u'61', u'hbp': u'0', u'name_display_first_last': u'Lucas Duda', u'so': u'0', u't': u'0', u'rbi': u'1', u'sb': u'0', u'sf': u'0'}, {u'ab': u'3', u'sac': u'0', u'pos': u'LF', u'ao': u'2', u'cs': u'0', u'fldg': u'.000', u'avg': u'.207', u'id': u'455759', u'lob': u'0', u's_r': u'30', u'hr': u'0', u'r': u'0', u's_h': u'50', u'po': u'0', u's_bb': u'24', u'bb': u'0', u's_so': u'52', u'bo': u'500', u's_hr': u'8', u'd': u'0', u'a': u'0', u'e': u'0', u'name': u'Young, C', u'h': u'0', u's_rbi': u'28', u'hbp': u'0', u'name_display_first_last': u'Chris Young', u'so': u'1', u't': u'0', u'rbi': u'0', u'sb': u'0', u'sf': u'0'}, {u'ab': u'3', u'sac': u'0', u'pos': u'C', u'ao': u'2', u'go': u'1', u'cs': u'0', u'fldg': u'1.000', u'avg': u'.226', u'id': u'518595', u'lob': u'0', u's_r': u'23', u'hr': u'0', u'r': u'0', u's_h': u'53', u'po': u'4', u's_bb': u'21', u'bb': u'0', u's_so': u'45', u'bo': u'600', u's_hr': u'7', u'd': u'0', u'a': u'0', u'e': u'0', u'name': u"d'Arnaud, T", u'h': u'0', u's_rbi': u'26', u'hbp': u'0', u'name_display_first_last': u"Travis d'Arnaud", u'so': u'0', u't': u'0', u'rbi': u'0', u'sb': u'0', u'sf': u'0'}, {u'ab': u'3', u'sac': u'0', u'pos': u'CF', u'ao': u'1', u'go': u'1', u'cs': u'0', u'fldg': u'1.000', u'avg': u'.279', u'id': u'501571', u'lob': u'0', u's_r': u'27', u'hr': u'0', u'r': u'0', u's_h': u'73', u'po': u'5', u's_bb': u'12', u'bb': u'0', u's_so': u'62', u'bo': u'700', u's_hr': u'2', u'd': u'0', u'a': u'0', u'e': u'0', u'name': u'Lagares', u'h': u'1', u's_rbi': u'28', u'hbp': u'0', u'name_display_first_last': u'Juan Lagares', u'so': u'0', u't': u'0', u'rbi': u'0', u'sb': u'0', u'sf': u'0'}, {u'ab': u'3', u'sac': u'0', u'pos': u'SS', u'ao': u'0', u'go': u'2', u'cs': u'0', u'fldg': u'1.000', u'avg': u'.231', u'id': u'514913', u'lob': u'1', u's_r': u'26', u'hr': u'0', u'r': u'0', u's_h': u'64', u'po': u'2', u's_bb': u'47', u'bb': u'0', u's_so': u'63', u'bo': u'800', u's_hr': u'2', u'd': u'0', u'a': u'6', u'e': u'0', u'name': u'Tejada, R', u'h': u'0', u's_rbi': u'23', u'hbp': u'0', u'name_display_first_last': u'Ruben Tejada', u'so': u'1', u't': u'0', u'rbi': u'0', u'sb': u'0', u'sf': u'0'}, {u'ab': u'2', u'sac': u'0', u'pos': u'P', u'ao': u'1', u'cs': u'0', u'fldg': u'.667', u'avg': u'.032', u'id': u'477003', u'lob': u'1', u's_r': u'2', u'hr': u'0', u'r': u'0', u's_h': u'1', u'po': u'0', u's_bb': u'5', u'bb': u'0', u's_so': u'21', u'bo': u'900', u's_hr': u'0', u'd': u'0', u'a': u'2', u'e': u'1', u'name': u'Niese', u'h': u'0', u's_rbi': u'3', u'hbp': u'0', u'name_display_first_last': u'Jon Niese', u'so': u'1', u't': u'0', u'rbi': u'0', u'sb': u'0', u'sf': u'0'}, {u'ab': u'0', u'sac': u'0', u'pos': u'P', u'ao': u'0', u'cs': u'0', u'fldg': u'.000', u'avg': u'.000', u'id': u'502195', u'lob': u'0', u's_r': u'0', u'hr': u'0', u'r': u'0', u's_h': u'0', u'po': u'0', u's_bb': u'0', u'bb': u'0', u's_so': u'0', u'bo': u'901', u's_hr': u'0', u'd': u'0', u'a': u'0', u'e': u'0', u'name': u'Black', u'h': u'0', u's_rbi': u'0', u'hbp': u'0', u'name_display_first_last': u'Vic Black', u'so': u'0', u't': u'0', u'rbi': u'0', u'sb': u'0', u'sf': u'0'}, {u'ab': u'1', u'sac': u'0', u'pos': u'PH', u'ao': u'0', u'go': u'1', u'cs': u'0', u'fldg': u'.000', u'avg': u'.238', u'id': u'110029', u'lob': u'0', u's_r': u'12', u'note': u'a-', u'hr': u'0', u'r': u'0', u's_h': u'29', u'po': u'0', u's_bb': u'18', u'bb': u'0', u's_so': u'21', u'bo': u'902', u's_hr': u'1', u'd': u'0', u'a': u'0', u'e': u'0', u'name': u'Abreu', u'h': u'0', u's_rbi': u'14', u'sf': u'0', u'name_display_first_last': u'Bobby Abreu', u'so': u'0', u't': u'0', u'rbi': u'0', u'sb': u'0', u'hbp': u'0'}], u't': u'0', u'rbi': u'1', u'text_data': u'\n         <home_runs>Duda (20, 8th inning off Vogelsong, 0 on, 0 out).</home_runs><br/>\n         <total_bases>Duda 4; Lagares.</total_bases><br/>\n         <rbi>Duda (61).</rbi><br/>\n         <grounded_into_dp>Murphy, Dn.</grounded_into_dp><br/>\n         <team_risp>0-for-1.</team_risp>\n         <errors>Niese (3, throw).</errors><br/>\n         <double_plays>2 (Murphy, Dn-Tejada, R-Duda, Duda-Tejada, R-Murphy, Dn).</double_plays><br/><br/>', u'so': u'5', u'avg': u'.238', u'team_flag': u'home'}, {u'lob': u'11', u'ab': u'34', u'd': u'1', u'bb': u'1', u'po': u'27', u'hr': u'0', u'h': u'9', u'da': u'10', u'r': u'5', u'batter': [{u'ab': u'4', u'sac': u'0', u'pos': u'RF', u'ao': u'1', u'go': u'1', u'cs': u'0', u'fldg': u'1.000', u'avg': u'.288', u'id': u'452254', u'lob': u'1', u's_r': u'74', u'hr': u'0', u'r': u'1', u's_h': u'128', u'po': u'3', u's_bb': u'35', u'bb': u'1', u's_so': u'80', u'bo': u'100', u's_hr': u'13', u'd': u'0', u'a': u'0', u'e': u'0', u'name': u'Pence', u'h': u'1', u's_rbi': u'45', u'hbp': u'0', u'name_display_first_last': u'Hunter Pence', u'so': u'1', u't': u'1', u'rbi': u'3', u'sb': u'0', u'sf': u'0'}, {u'ab': u'4', u'sac': u'0', u'pos': u'2B', u'ao': u'2', u'go': u'1', u'cs': u'0', u'fldg': u'1.000', u'avg': u'.250', u'id': u'622110', u'lob': u'2', u's_r': u'0', u'hr': u'0', u'r': u'0', u's_h': u'1', u'po': u'2', u's_bb': u'0', u'bb': u'0', u's_so': u'0', u'bo': u'200', u's_hr': u'0', u'd': u'0', u'a': u'4', u'e': u'0', u'name': u'Duffy', u'h': u'1', u's_rbi': u'1', u'hbp': u'1', u'name_display_first_last': u'Matt Duffy', u'so': u'0', u't': u'0', u'rbi': u'1', u'sb': u'0', u'sf': u'0'}, {u'ab': u'4', u'sac': u'0', u'pos': u'C', u'ao': u'0', u'go': u'3', u'cs': u'0', u'fldg': u'1.000', u'avg': u'.281', u'id': u'457763', u'lob': u'2', u's_r': u'40', u'hr': u'0', u'r': u'0', u's_h': u'101', u'po': u'5', u's_bb': u'34', u'bb': u'0', u's_so': u'45', u'bo': u'300', u's_hr': u'12', u'e': u'0', u'd': u'0', u'a': u'0', u'gidp': u'1', u'name': u'Posey', u'h': u'1', u's_rbi': u'54', u'sf': u'0', u'name_display_first_last': u'Buster Posey', u'so': u'1', u't': u'0', u'rbi': u'0', u'sb': u'0', u'hbp': u'0'}, {u'ab': u'4', u'sac': u'0', u'pos': u'3B', u'ao': u'2', u'go': u'1', u'cs': u'0', u'fldg': u'1.000', u'avg': u'.277', u'id': u'467055', u'lob': u'1', u's_r': u'48', u'hr': u'0', u'r': u'0', u's_h': u'108', u'po': u'2', u's_bb': u'28', u'bb': u'0', u's_so': u'61', u'bo': u'400', u's_hr': u'12', u'd': u'0', u'a': u'3', u'e': u'0', u'name': u'Sandoval', u'h': u'1', u's_rbi': u'45', u'hbp': u'0', u'name_display_first_last': u'Pablo Sandoval', u'so': u'0', u't': u'0', u'rbi': u'0', u'sb': u'0', u'sf': u'0'}, {u'ab': u'4', u'sac': u'0', u'pos': u'1B', u'ao': u'1', u'go': u'1', u'cs': u'0', u'fldg': u'1.000', u'avg': u'.275', u'id': u'434604', u'lob': u'2', u's_r': u'38', u'hr': u'0', u'r': u'0', u's_h': u'100', u'po': u'6', u's_bb': u'23', u'bb': u'0', u's_so': u'100', u'bo': u'500', u's_hr': u'15', u'd': u'0', u'a': u'1', u'e': u'0', u'name': u'Morse', u'h': u'1', u's_rbi': u'49', u'hbp': u'0', u'name_display_first_last': u'Michael Morse', u'so': u'1', u't': u'0', u'rbi': u'0', u'sb': u'0', u'sf': u'0'}, {u'ab': u'0', u'sac': u'0', u'pos': u'1B', u'ao': u'0', u'cs': u'0', u'fldg': u'1.000', u'avg': u'.200', u'id': u'448170', u'lob': u'0', u's_r': u'2', u'hr': u'0', u'r': u'0', u's_h': u'7', u'po': u'4', u's_bb': u'3', u'bb': u'0', u's_so': u'12', u'bo': u'501', u's_hr': u'1', u'd': u'0', u'a': u'0', u'e': u'0', u'name': u'Ishikawa', u'h': u'0', u's_rbi': u'3', u'hbp': u'0', u'name_display_first_last': u'Travis Ishikawa', u'so': u'0', u't': u'0', u'rbi': u'0', u'sb': u'0', u'sf': u'0'}, {u'ab': u'4', u'sac': u'0', u'pos': u'LF', u'ao': u'1', u'go': u'2', u'cs': u'0', u'fldg': u'1.000', u'avg': u'.160', u'id': u'543633', u'lob': u'1', u's_r': u'8', u'hr': u'0', u'r': u'1', u's_h': u'8', u'po': u'1', u's_bb': u'2', u'bb': u'0', u's_so': u'16', u'bo': u'600', u's_hr': u'1', u'd': u'1', u'a': u'0', u'e': u'0', u'name': u'Perez, J', u'h': u'1', u's_rbi': u'2', u'hbp': u'0', u'name_display_first_last': u'Juan Perez', u'so': u'0', u't': u'0', u'rbi': u'0', u'sb': u'0', u'sf': u'0'}, {u'ab': u'4', u'sac': u'0', u'pos': u'CF', u'ao': u'0', u'go': u'4', u'cs': u'0', u'fldg': u'1.000', u'avg': u'.241', u'id': u'453923', u'lob': u'1', u's_r': u'25', u'hr': u'0', u'r': u'1', u's_h': u'59', u'po': u'1', u's_bb': u'24', u'bb': u'0', u's_so': u'53', u'bo': u'700', u's_hr': u'1', u'd': u'0', u'a': u'0', u'e': u'0', u'name': u'Blanco, G', u'h': u'0', u's_rbi': u'19', u'hbp': u'0', u'name_display_first_last': u'Gregor Blanco', u'so': u'0', u't': u'0', u'rbi': u'0', u'sb': u'0', u'sf': u'0'}, {u'ab': u'4', u'sac': u'0', u'pos': u'SS', u'ao': u'0', u'go': u'1', u'cs': u'0', u'fldg': u'1.000', u'avg': u'.240', u'id': u'543063', u'lob': u'0', u's_r': u'42', u'hr': u'0', u'r': u'1', u's_h': u'81', u'po': u'3', u's_bb': u'44', u'bb': u'0', u's_so': u'87', u'bo': u'800', u's_hr': u'8', u'd': u'0', u'a': u'1', u'e': u'0', u'name': u'Crawford, B', u'h': u'3', u's_rbi': u'46', u'hbp': u'0', u'name_display_first_last': u'Brandon Crawford', u'so': u'0', u't': u'1', u'rbi': u'1', u'sb': u'0', u'sf': u'0'}, {u'ab': u'2', u'sac': u'1', u'pos': u'P', u'ao': u'0', u'go': u'3', u'cs': u'0', u'fldg': u'1.000', u'avg': u'.132', u'id': u'285064', u'lob': u'1', u's_r': u'2', u'hr': u'0', u'r': u'1', u's_h': u'5', u'po': u'0', u's_bb': u'1', u'bb': u'0', u's_so': u'12', u'bo': u'900', u's_hr': u'0', u'e': u'0', u'd': u'0', u'a': u'1', u'gidp': u'1', u'name': u'Vogelsong', u'h': u'0', u's_rbi': u'2', u'sf': u'0', u'name_display_first_last': u'Ryan Vogelsong', u'so': u'1', u't': u'0', u'rbi': u'0', u'sb': u'0', u'hbp': u'1'}], u't': u'2', u'rbi': u'5', u'text_data': u'\n         <doubles>Perez, J (3, Niese).</doubles><br/>\n         <triples>Crawford, B (9, Niese), Pence (7, Niese).</triples><br/>\n         <total_bases>Sandoval; Crawford, B 5; Duffy; Morse; Pence 3; Perez, J 2; Posey.</total_bases><br/>\n         <rbi>Crawford, B (46), Pence 3 (45), Duffy (1).</rbi><br/>\n         <risp_lob_two_out>Morse; Duffy.</risp_lob_two_out><br/>\n         <sac_bunts>Vogelsong.</sac_bunts><br/>\n         <grounded_into_dp>Posey, Vogelsong.</grounded_into_dp><br/>\n         <team_risp>3-for-7.</team_risp>\n         <team_lob>6.</team_lob>\n         <double_plays>2 (Crawford, B-Duffy-Morse, Morse-Crawford, B).</double_plays><br/><br/>', u'so': u'4', u'avg': u'.243', u'team_flag': u'away'}], u'away_sname': u'San Francisco', u'status_ind': u'F', u'venue_id': u'3289', u'venue_name': u'Citi Field', u'game_info': u'\n      <relief_no_out>Niese pitched to 1 batter in the 9th.</relief_no_out><br/><br/>\n      <hit_by_pitch>Duffy (by Niese), Vogelsong (by Niese).</hit_by_pitch><br/>\n      <pitches_to_strikes>Vogelsong 102-69, Niese 87-68, Black 11-6.</pitches_to_strikes><br/>\n      <groundouts_to_flyouts>Vogelsong 8-4, Niese 14-4, Black 1-0.</groundouts_to_flyouts><br/>\n      <batters_faced>Vogelsong 28, Niese 35, Black 3.</batters_faced><br/>\n      <inherited_runners_scored>Black 1-0.</inherited_runners_scored><br/>\n      <umpires>\n         <umpire id="427269" position="HP" name="Jeff Kellogg"></umpire>\n         <umpire id="427366" position="1B" name="Brian O\'Nora"></umpire>\n         <umpire id="482666" position="2B" name="D.J. Reyburn"></umpire>\n         <umpire id="521251" position="3B" name="Ben May"></umpire>\n      </umpires>\n      <weather>77 degrees, cloudy</weather>\n      <wind>10 mph, Out to LF</wind>\n      <time>2:06</time>\n      <attendance>28,905</attendance>\n      <wind>Citi Field</wind>\n      <wind>August 1, 2014</wind>', u'home_sport_code': u'mlb', u'home_id': u'121', u'pitching': [{u'bf': u'28', u'bb': u'1', u'hr': u'1', u'h': u'2', u'pitcher': {u's_ip': u'127.2', u'win': u'true', u'pos': u'P', u'l': u'8', u's_er': u'53', u'hld': u'0', u'id': u'285064', u'er': u'1', u's_r': u'56', u'note': u'(W, 6-8)', u's_so': u'106', u'r': u'1', u'np': u'102', u's_h': u'129', u'out': u'27', u'bf': u'28', u's_bb': u'34', u'bb': u'1', u'hr': u'1', u'bs': u'0', u'name': u'Vogelsong', u'h': u'2', u'sv': u'0', u's': u'69', u'name_display_first_last': u'Ryan Vogelsong', u'so': u'5', u'era': u'3.74', u'w': u'6'}, u'r': u'1', u'so': u'5', u'era': u'3.37', u'out': u'27', u'team_flag': u'away', u'er': u'1'}, {u'bf': u'38', u'bb': u'1', u'hr': u'0', u'h': u'9', u'pitcher': [{u's_ip': u'122.1', u'pos': u'P', u'l': u'7', u's_er': u'44', u'hld': u'0', u'id': u'477003', u'er': u'3', u's_r': u'50', u'note': u'(L, 5-7)', u's_so': u'88', u'r': u'5', u'np': u'87', u's_h': u'122', u'out': u'24', u'bf': u'35', u's_bb': u'32', u'bb': u'0', u'hr': u'0', u'bs': u'0', u'loss': u'true', u'name': u'Niese', u'h': u'9', u'sv': u'0', u's': u'68', u'name_display_first_last': u'Jon Niese', u'so': u'4', u'era': u'3.24', u'w': u'5'}, {u's_ip': u'25.0', u'pos': u'P', u'l': u'3', u's_er': u'5', u'hld': u'8', u'id': u'502195', u'er': u'0', u's_r': u'6', u's_so': u'23', u'r': u'0', u'np': u'11', u's_h': u'17', u'out': u'3', u'bf': u'3', u'w': u'2', u'bb': u'1', u'hr': u'0', u'bs': u'0', u'name': u'Black', u'h': u'0', u'sv': u'0', u's': u'6', u'name_display_first_last': u'Vic Black', u'so': u'0', u'era': u'1.80', u's_bb': u'14'}], u'r': u'5', u'so': u'4', u'era': u'3.49', u'out': u'27', u'team_flag': u'home', u'er': u'3'}], u'away_fname': u'San Francisco Giants', u'home_loss': u'57', u'away_team_code': u'sfn', u'date': u'August 1, 2014', u'game_id': u'2014/08/01/sfnmlb-nynmlb-1', u'away_id': u'137', u'away_loss': u'50', u'linescore': {u'home_team_runs': u'1', u'home_team_hits': u'2', u'away_team_errors': u'0', u'away_team_runs': u'5', u'home_team_errors': u'1', u'inning_line_score': [{u'home': u'0', u'away': u'0', u'inning': u'1'}, {u'home': u'0', u'away': u'2', u'inning': u'2'}, {u'home': u'0', u'away': u'0', u'inning': u'3'}, {u'home': u'0', u'away': u'0', u'inning': u'4'}, {u'home': u'0', u'away': u'0', u'inning': u'5'}, {u'home': u'0', u'away': u'0', u'inning': u'6'}, {u'home': u'0', u'away': u'3', u'inning': u'7'}, {u'home': u'1', u'away': u'0', u'inning': u'8'}, {u'home': u'0', u'away': u'0', u'inning': u'9'}], u'away_team_hits': u'9'}, u'home_wins': u'52'}}, u'copyright': u'Copyright 2014 MLB Advanced Media, L.P.  Use of any content on this page acknowledges agreement to the terms posted here http://gdx.mlb.com/components/copyright.txt', u'subject': u'boxscore'}
>>> j[0]
Traceback (most recent call last):
  File "<stdin>", line 1, in <module>
KeyError: 0
>>> [1]
[1]
>>> j
{u'data': {u'boxscore': {u'home_fname': u'New York Mets', u'away_wins': u'59', u'home_team_code': u'nyn', u'home_sname': u'NY Mets', u'game_pk': u'382178', u'batting': [{u'lob': u'3', u'ab': u'27', u'd': u'0', u'bb': u'1', u'po': u'27', u'hr': u'1', u'h': u'2', u'da': u'16', u'note': u'\n         <pinch_hitters>a-Grounded out for Black in the 9th. </pinch_hitters>', u'r': u'1', u'batter': [{u'ab': u'3', u'sac': u'0', u'pos': u'RF', u'ao': u'1', u'go': u'1', u'cs': u'0', u'fldg': u'1.000', u'avg': u'.232', u'id': u'434158', u'lob': u'0', u's_r': u'53', u'hr': u'0', u'r': u'0', u's_h': u'86', u'po': u'1', u's_bb': u'59', u'bb': u'1', u's_so': u'102', u'bo': u'100', u's_hr': u'15', u'd': u'0', u'a': u'0', u'e': u'0', u'name': u'Granderson', u'h': u'0', u's_rbi': u'44', u'hbp': u'0', u'name_display_first_last': u'Curtis Granderson', u'so': u'1', u't': u'0', u'rbi': u'0', u'sb': u'0', u'sf': u'0'}, {u'ab': u'3', u'sac': u'0', u'pos': u'2B', u'ao': u'2', u'go': u'2', u'cs': u'0', u'fldg': u'1.000', u'avg': u'.296', u'id': u'502517', u'lob': u'1', u's_r': u'62', u'hr': u'0', u'r': u'0', u's_h': u'131', u'po': u'4', u's_bb': u'32', u'bb': u'0', u's_so': u'60', u'bo': u'200', u's_hr': u'8', u'e': u'0', u'd': u'0', u'a': u'3', u'gidp': u'1', u'name': u'Murphy, Dn', u'h': u'0', u's_rbi': u'43', u'sf': u'0', u'name_display_first_last': u'Daniel Murphy', u'so': u'0', u't': u'0', u'rbi': u'0', u'sb': u'0', u'hbp': u'0'}, {u'ab': u'3', u'sac': u'0', u'pos': u'3B', u'ao': u'2', u'cs': u'0', u'fldg': u'1.000', u'avg': u'.270', u'id': u'431151', u'lob': u'0', u's_r': u'43', u'hr': u'0', u'r': u'0', u's_h': u'110', u'po': u'1', u's_bb': u'36', u'bb': u'0', u's_so': u'83', u'bo': u'300', u's_hr': u'8', u'd': u'0', u'a': u'4', u'e': u'0', u'name': u'Wright, D', u'h': u'0', u's_rbi': u'52', u'hbp': u'0', u'name_display_first_last': u'David Wright', u'so': u'1', u't': u'0', u'rbi': u'0', u'sb': u'0', u'sf': u'0'}, {u'ab': u'3', u'sac': u'0', u'pos': u'1B', u'ao': u'1', u'go': u'1', u'cs': u'0', u'fldg': u'1.000', u'avg': u'.263', u'id': u'446263', u'lob': u'0', u's_r': u'48', u'hr': u'1', u'r': u'1', u's_h': u'86', u'po': u'10', u's_bb': u'44', u'bb': u'0', u's_so': u'80', u'bo': u'400', u's_hr': u'20', u'd': u'0', u'a': u'1', u'e': u'0', u'name': u'Duda', u'h': u'1', u's_rbi': u'61', u'hbp': u'0', u'name_display_first_last': u'Lucas Duda', u'so': u'0', u't': u'0', u'rbi': u'1', u'sb': u'0', u'sf': u'0'}, {u'ab': u'3', u'sac': u'0', u'pos': u'LF', u'ao': u'2', u'cs': u'0', u'fldg': u'.000', u'avg': u'.207', u'id': u'455759', u'lob': u'0', u's_r': u'30', u'hr': u'0', u'r': u'0', u's_h': u'50', u'po': u'0', u's_bb': u'24', u'bb': u'0', u's_so': u'52', u'bo': u'500', u's_hr': u'8', u'd': u'0', u'a': u'0', u'e': u'0', u'name': u'Young, C', u'h': u'0', u's_rbi': u'28', u'hbp': u'0', u'name_display_first_last': u'Chris Young', u'so': u'1', u't': u'0', u'rbi': u'0', u'sb': u'0', u'sf': u'0'}, {u'ab': u'3', u'sac': u'0', u'pos': u'C', u'ao': u'2', u'go': u'1', u'cs': u'0', u'fldg': u'1.000', u'avg': u'.226', u'id': u'518595', u'lob': u'0', u's_r': u'23', u'hr': u'0', u'r': u'0', u's_h': u'53', u'po': u'4', u's_bb': u'21', u'bb': u'0', u's_so': u'45', u'bo': u'600', u's_hr': u'7', u'd': u'0', u'a': u'0', u'e': u'0', u'name': u"d'Arnaud, T", u'h': u'0', u's_rbi': u'26', u'hbp': u'0', u'name_display_first_last': u"Travis d'Arnaud", u'so': u'0', u't': u'0', u'rbi': u'0', u'sb': u'0', u'sf': u'0'}, {u'ab': u'3', u'sac': u'0', u'pos': u'CF', u'ao': u'1', u'go': u'1', u'cs': u'0', u'fldg': u'1.000', u'avg': u'.279', u'id': u'501571', u'lob': u'0', u's_r': u'27', u'hr': u'0', u'r': u'0', u's_h': u'73', u'po': u'5', u's_bb': u'12', u'bb': u'0', u's_so': u'62', u'bo': u'700', u's_hr': u'2', u'd': u'0', u'a': u'0', u'e': u'0', u'name': u'Lagares', u'h': u'1', u's_rbi': u'28', u'hbp': u'0', u'name_display_first_last': u'Juan Lagares', u'so': u'0', u't': u'0', u'rbi': u'0', u'sb': u'0', u'sf': u'0'}, {u'ab': u'3', u'sac': u'0', u'pos': u'SS', u'ao': u'0', u'go': u'2', u'cs': u'0', u'fldg': u'1.000', u'avg': u'.231', u'id': u'514913', u'lob': u'1', u's_r': u'26', u'hr': u'0', u'r': u'0', u's_h': u'64', u'po': u'2', u's_bb': u'47', u'bb': u'0', u's_so': u'63', u'bo': u'800', u's_hr': u'2', u'd': u'0', u'a': u'6', u'e': u'0', u'name': u'Tejada, R', u'h': u'0', u's_rbi': u'23', u'hbp': u'0', u'name_display_first_last': u'Ruben Tejada', u'so': u'1', u't': u'0', u'rbi': u'0', u'sb': u'0', u'sf': u'0'}, {u'ab': u'2', u'sac': u'0', u'pos': u'P', u'ao': u'1', u'cs': u'0', u'fldg': u'.667', u'avg': u'.032', u'id': u'477003', u'lob': u'1', u's_r': u'2', u'hr': u'0', u'r': u'0', u's_h': u'1', u'po': u'0', u's_bb': u'5', u'bb': u'0', u's_so': u'21', u'bo': u'900', u's_hr': u'0', u'd': u'0', u'a': u'2', u'e': u'1', u'name': u'Niese', u'h': u'0', u's_rbi': u'3', u'hbp': u'0', u'name_display_first_last': u'Jon Niese', u'so': u'1', u't': u'0', u'rbi': u'0', u'sb': u'0', u'sf': u'0'}, {u'ab': u'0', u'sac': u'0', u'pos': u'P', u'ao': u'0', u'cs': u'0', u'fldg': u'.000', u'avg': u'.000', u'id': u'502195', u'lob': u'0', u's_r': u'0', u'hr': u'0', u'r': u'0', u's_h': u'0', u'po': u'0', u's_bb': u'0', u'bb': u'0', u's_so': u'0', u'bo': u'901', u's_hr': u'0', u'd': u'0', u'a': u'0', u'e': u'0', u'name': u'Black', u'h': u'0', u's_rbi': u'0', u'hbp': u'0', u'name_display_first_last': u'Vic Black', u'so': u'0', u't': u'0', u'rbi': u'0', u'sb': u'0', u'sf': u'0'}, {u'ab': u'1', u'sac': u'0', u'pos': u'PH', u'ao': u'0', u'go': u'1', u'cs': u'0', u'fldg': u'.000', u'avg': u'.238', u'id': u'110029', u'lob': u'0', u's_r': u'12', u'note': u'a-', u'hr': u'0', u'r': u'0', u's_h': u'29', u'po': u'0', u's_bb': u'18', u'bb': u'0', u's_so': u'21', u'bo': u'902', u's_hr': u'1', u'd': u'0', u'a': u'0', u'e': u'0', u'name': u'Abreu', u'h': u'0', u's_rbi': u'14', u'sf': u'0', u'name_display_first_last': u'Bobby Abreu', u'so': u'0', u't': u'0', u'rbi': u'0', u'sb': u'0', u'hbp': u'0'}], u't': u'0', u'rbi': u'1', u'text_data': u'\n         <home_runs>Duda (20, 8th inning off Vogelsong, 0 on, 0 out).</home_runs><br/>\n         <total_bases>Duda 4; Lagares.</total_bases><br/>\n         <rbi>Duda (61).</rbi><br/>\n         <grounded_into_dp>Murphy, Dn.</grounded_into_dp><br/>\n         <team_risp>0-for-1.</team_risp>\n         <errors>Niese (3, throw).</errors><br/>\n         <double_plays>2 (Murphy, Dn-Tejada, R-Duda, Duda-Tejada, R-Murphy, Dn).</double_plays><br/><br/>', u'so': u'5', u'avg': u'.238', u'team_flag': u'home'}, {u'lob': u'11', u'ab': u'34', u'd': u'1', u'bb': u'1', u'po': u'27', u'hr': u'0', u'h': u'9', u'da': u'10', u'r': u'5', u'batter': [{u'ab': u'4', u'sac': u'0', u'pos': u'RF', u'ao': u'1', u'go': u'1', u'cs': u'0', u'fldg': u'1.000', u'avg': u'.288', u'id': u'452254', u'lob': u'1', u's_r': u'74', u'hr': u'0', u'r': u'1', u's_h': u'128', u'po': u'3', u's_bb': u'35', u'bb': u'1', u's_so': u'80', u'bo': u'100', u's_hr': u'13', u'd': u'0', u'a': u'0', u'e': u'0', u'name': u'Pence', u'h': u'1', u's_rbi': u'45', u'hbp': u'0', u'name_display_first_last': u'Hunter Pence', u'so': u'1', u't': u'1', u'rbi': u'3', u'sb': u'0', u'sf': u'0'}, {u'ab': u'4', u'sac': u'0', u'pos': u'2B', u'ao': u'2', u'go': u'1', u'cs': u'0', u'fldg': u'1.000', u'avg': u'.250', u'id': u'622110', u'lob': u'2', u's_r': u'0', u'hr': u'0', u'r': u'0', u's_h': u'1', u'po': u'2', u's_bb': u'0', u'bb': u'0', u's_so': u'0', u'bo': u'200', u's_hr': u'0', u'd': u'0', u'a': u'4', u'e': u'0', u'name': u'Duffy', u'h': u'1', u's_rbi': u'1', u'hbp': u'1', u'name_display_first_last': u'Matt Duffy', u'so': u'0', u't': u'0', u'rbi': u'1', u'sb': u'0', u'sf': u'0'}, {u'ab': u'4', u'sac': u'0', u'pos': u'C', u'ao': u'0', u'go': u'3', u'cs': u'0', u'fldg': u'1.000', u'avg': u'.281', u'id': u'457763', u'lob': u'2', u's_r': u'40', u'hr': u'0', u'r': u'0', u's_h': u'101', u'po': u'5', u's_bb': u'34', u'bb': u'0', u's_so': u'45', u'bo': u'300', u's_hr': u'12', u'e': u'0', u'd': u'0', u'a': u'0', u'gidp': u'1', u'name': u'Posey', u'h': u'1', u's_rbi': u'54', u'sf': u'0', u'name_display_first_last': u'Buster Posey', u'so': u'1', u't': u'0', u'rbi': u'0', u'sb': u'0', u'hbp': u'0'}, {u'ab': u'4', u'sac': u'0', u'pos': u'3B', u'ao': u'2', u'go': u'1', u'cs': u'0', u'fldg': u'1.000', u'avg': u'.277', u'id': u'467055', u'lob': u'1', u's_r': u'48', u'hr': u'0', u'r': u'0', u's_h': u'108', u'po': u'2', u's_bb': u'28', u'bb': u'0', u's_so': u'61', u'bo': u'400', u's_hr': u'12', u'd': u'0', u'a': u'3', u'e': u'0', u'name': u'Sandoval', u'h': u'1', u's_rbi': u'45', u'hbp': u'0', u'name_display_first_last': u'Pablo Sandoval', u'so': u'0', u't': u'0', u'rbi': u'0', u'sb': u'0', u'sf': u'0'}, {u'ab': u'4', u'sac': u'0', u'pos': u'1B', u'ao': u'1', u'go': u'1', u'cs': u'0', u'fldg': u'1.000', u'avg': u'.275', u'id': u'434604', u'lob': u'2', u's_r': u'38', u'hr': u'0', u'r': u'0', u's_h': u'100', u'po': u'6', u's_bb': u'23', u'bb': u'0', u's_so': u'100', u'bo': u'500', u's_hr': u'15', u'd': u'0', u'a': u'1', u'e': u'0', u'name': u'Morse', u'h': u'1', u's_rbi': u'49', u'hbp': u'0', u'name_display_first_last': u'Michael Morse', u'so': u'1', u't': u'0', u'rbi': u'0', u'sb': u'0', u'sf': u'0'}, {u'ab': u'0', u'sac': u'0', u'pos': u'1B', u'ao': u'0', u'cs': u'0', u'fldg': u'1.000', u'avg': u'.200', u'id': u'448170', u'lob': u'0', u's_r': u'2', u'hr': u'0', u'r': u'0', u's_h': u'7', u'po': u'4', u's_bb': u'3', u'bb': u'0', u's_so': u'12', u'bo': u'501', u's_hr': u'1', u'd': u'0', u'a': u'0', u'e': u'0', u'name': u'Ishikawa', u'h': u'0', u's_rbi': u'3', u'hbp': u'0', u'name_display_first_last': u'Travis Ishikawa', u'so': u'0', u't': u'0', u'rbi': u'0', u'sb': u'0', u'sf': u'0'}, {u'ab': u'4', u'sac': u'0', u'pos': u'LF', u'ao': u'1', u'go': u'2', u'cs': u'0', u'fldg': u'1.000', u'avg': u'.160', u'id': u'543633', u'lob': u'1', u's_r': u'8', u'hr': u'0', u'r': u'1', u's_h': u'8', u'po': u'1', u's_bb': u'2', u'bb': u'0', u's_so': u'16', u'bo': u'600', u's_hr': u'1', u'd': u'1', u'a': u'0', u'e': u'0', u'name': u'Perez, J', u'h': u'1', u's_rbi': u'2', u'hbp': u'0', u'name_display_first_last': u'Juan Perez', u'so': u'0', u't': u'0', u'rbi': u'0', u'sb': u'0', u'sf': u'0'}, {u'ab': u'4', u'sac': u'0', u'pos': u'CF', u'ao': u'0', u'go': u'4', u'cs': u'0', u'fldg': u'1.000', u'avg': u'.241', u'id': u'453923', u'lob': u'1', u's_r': u'25', u'hr': u'0', u'r': u'1', u's_h': u'59', u'po': u'1', u's_bb': u'24', u'bb': u'0', u's_so': u'53', u'bo': u'700', u's_hr': u'1', u'd': u'0', u'a': u'0', u'e': u'0', u'name': u'Blanco, G', u'h': u'0', u's_rbi': u'19', u'hbp': u'0', u'name_display_first_last': u'Gregor Blanco', u'so': u'0', u't': u'0', u'rbi': u'0', u'sb': u'0', u'sf': u'0'}, {u'ab': u'4', u'sac': u'0', u'pos': u'SS', u'ao': u'0', u'go': u'1', u'cs': u'0', u'fldg': u'1.000', u'avg': u'.240', u'id': u'543063', u'lob': u'0', u's_r': u'42', u'hr': u'0', u'r': u'1', u's_h': u'81', u'po': u'3', u's_bb': u'44', u'bb': u'0', u's_so': u'87', u'bo': u'800', u's_hr': u'8', u'd': u'0', u'a': u'1', u'e': u'0', u'name': u'Crawford, B', u'h': u'3', u's_rbi': u'46', u'hbp': u'0', u'name_display_first_last': u'Brandon Crawford', u'so': u'0', u't': u'1', u'rbi': u'1', u'sb': u'0', u'sf': u'0'}, {u'ab': u'2', u'sac': u'1', u'pos': u'P', u'ao': u'0', u'go': u'3', u'cs': u'0', u'fldg': u'1.000', u'avg': u'.132', u'id': u'285064', u'lob': u'1', u's_r': u'2', u'hr': u'0', u'r': u'1', u's_h': u'5', u'po': u'0', u's_bb': u'1', u'bb': u'0', u's_so': u'12', u'bo': u'900', u's_hr': u'0', u'e': u'0', u'd': u'0', u'a': u'1', u'gidp': u'1', u'name': u'Vogelsong', u'h': u'0', u's_rbi': u'2', u'sf': u'0', u'name_display_first_last': u'Ryan Vogelsong', u'so': u'1', u't': u'0', u'rbi': u'0', u'sb': u'0', u'hbp': u'1'}], u't': u'2', u'rbi': u'5', u'text_data': u'\n         <doubles>Perez, J (3, Niese).</doubles><br/>\n         <triples>Crawford, B (9, Niese), Pence (7, Niese).</triples><br/>\n         <total_bases>Sandoval; Crawford, B 5; Duffy; Morse; Pence 3; Perez, J 2; Posey.</total_bases><br/>\n         <rbi>Crawford, B (46), Pence 3 (45), Duffy (1).</rbi><br/>\n         <risp_lob_two_out>Morse; Duffy.</risp_lob_two_out><br/>\n         <sac_bunts>Vogelsong.</sac_bunts><br/>\n         <grounded_into_dp>Posey, Vogelsong.</grounded_into_dp><br/>\n         <team_risp>3-for-7.</team_risp>\n         <team_lob>6.</team_lob>\n         <double_plays>2 (Crawford, B-Duffy-Morse, Morse-Crawford, B).</double_plays><br/><br/>', u'so': u'4', u'avg': u'.243', u'team_flag': u'away'}], u'away_sname': u'San Francisco', u'status_ind': u'F', u'venue_id': u'3289', u'venue_name': u'Citi Field', u'game_info': u'\n      <relief_no_out>Niese pitched to 1 batter in the 9th.</relief_no_out><br/><br/>\n      <hit_by_pitch>Duffy (by Niese), Vogelsong (by Niese).</hit_by_pitch><br/>\n      <pitches_to_strikes>Vogelsong 102-69, Niese 87-68, Black 11-6.</pitches_to_strikes><br/>\n      <groundouts_to_flyouts>Vogelsong 8-4, Niese 14-4, Black 1-0.</groundouts_to_flyouts><br/>\n      <batters_faced>Vogelsong 28, Niese 35, Black 3.</batters_faced><br/>\n      <inherited_runners_scored>Black 1-0.</inherited_runners_scored><br/>\n      <umpires>\n         <umpire id="427269" position="HP" name="Jeff Kellogg"></umpire>\n         <umpire id="427366" position="1B" name="Brian O\'Nora"></umpire>\n         <umpire id="482666" position="2B" name="D.J. Reyburn"></umpire>\n         <umpire id="521251" position="3B" name="Ben May"></umpire>\n      </umpires>\n      <weather>77 degrees, cloudy</weather>\n      <wind>10 mph, Out to LF</wind>\n      <time>2:06</time>\n      <attendance>28,905</attendance>\n      <wind>Citi Field</wind>\n      <wind>August 1, 2014</wind>', u'home_sport_code': u'mlb', u'home_id': u'121', u'pitching': [{u'bf': u'28', u'bb': u'1', u'hr': u'1', u'h': u'2', u'pitcher': {u's_ip': u'127.2', u'win': u'true', u'pos': u'P', u'l': u'8', u's_er': u'53', u'hld': u'0', u'id': u'285064', u'er': u'1', u's_r': u'56', u'note': u'(W, 6-8)', u's_so': u'106', u'r': u'1', u'np': u'102', u's_h': u'129', u'out': u'27', u'bf': u'28', u's_bb': u'34', u'bb': u'1', u'hr': u'1', u'bs': u'0', u'name': u'Vogelsong', u'h': u'2', u'sv': u'0', u's': u'69', u'name_display_first_last': u'Ryan Vogelsong', u'so': u'5', u'era': u'3.74', u'w': u'6'}, u'r': u'1', u'so': u'5', u'era': u'3.37', u'out': u'27', u'team_flag': u'away', u'er': u'1'}, {u'bf': u'38', u'bb': u'1', u'hr': u'0', u'h': u'9', u'pitcher': [{u's_ip': u'122.1', u'pos': u'P', u'l': u'7', u's_er': u'44', u'hld': u'0', u'id': u'477003', u'er': u'3', u's_r': u'50', u'note': u'(L, 5-7)', u's_so': u'88', u'r': u'5', u'np': u'87', u's_h': u'122', u'out': u'24', u'bf': u'35', u's_bb': u'32', u'bb': u'0', u'hr': u'0', u'bs': u'0', u'loss': u'true', u'name': u'Niese', u'h': u'9', u'sv': u'0', u's': u'68', u'name_display_first_last': u'Jon Niese', u'so': u'4', u'era': u'3.24', u'w': u'5'}, {u's_ip': u'25.0', u'pos': u'P', u'l': u'3', u's_er': u'5', u'hld': u'8', u'id': u'502195', u'er': u'0', u's_r': u'6', u's_so': u'23', u'r': u'0', u'np': u'11', u's_h': u'17', u'out': u'3', u'bf': u'3', u'w': u'2', u'bb': u'1', u'hr': u'0', u'bs': u'0', u'name': u'Black', u'h': u'0', u'sv': u'0', u's': u'6', u'name_display_first_last': u'Vic Black', u'so': u'0', u'era': u'1.80', u's_bb': u'14'}], u'r': u'5', u'so': u'4', u'era': u'3.49', u'out': u'27', u'team_flag': u'home', u'er': u'3'}], u'away_fname': u'San Francisco Giants', u'home_loss': u'57', u'away_team_code': u'sfn', u'date': u'August 1, 2014', u'game_id': u'2014/08/01/sfnmlb-nynmlb-1', u'away_id': u'137', u'away_loss': u'50', u'linescore': {u'home_team_runs': u'1', u'home_team_hits': u'2', u'away_team_errors': u'0', u'away_team_runs': u'5', u'home_team_errors': u'1', u'inning_line_score': [{u'home': u'0', u'away': u'0', u'inning': u'1'}, {u'home': u'0', u'away': u'2', u'inning': u'2'}, {u'home': u'0', u'away': u'0', u'inning': u'3'}, {u'home': u'0', u'away': u'0', u'inning': u'4'}, {u'home': u'0', u'away': u'0', u'inning': u'5'}, {u'home': u'0', u'away': u'0', u'inning': u'6'}, {u'home': u'0', u'away': u'3', u'inning': u'7'}, {u'home': u'1', u'away': u'0', u'inning': u'8'}, {u'home': u'0', u'away': u'0', u'inning': u'9'}], u'away_team_hits': u'9'}, u'home_wins': u'52'}}, u'copyright': u'Copyright 2014 MLB Advanced Media, L.P.  Use of any content on this page acknowledges agreement to the terms posted here http://gdx.mlb.com/components/copyright.txt', u'subject': u'boxscore'}
>>> j[2]
Traceback (most recent call last):
  File "<stdin>", line 1, in <module>
KeyError: 2
>>> type(j)
<type 'dict'>
>>> j
{u'data': {u'boxscore': {u'home_fname': u'New York Mets', u'away_wins': u'59', u'home_team_code': u'nyn', u'home_sname': u'NY Mets', u'game_pk': u'382178', u'batting': [{u'lob': u'3', u'ab': u'27', u'd': u'0', u'bb': u'1', u'po': u'27', u'hr': u'1', u'h': u'2', u'da': u'16', u'note': u'\n         <pinch_hitters>a-Grounded out for Black in the 9th. </pinch_hitters>', u'r': u'1', u'batter': [{u'ab': u'3', u'sac': u'0', u'pos': u'RF', u'ao': u'1', u'go': u'1', u'cs': u'0', u'fldg': u'1.000', u'avg': u'.232', u'id': u'434158', u'lob': u'0', u's_r': u'53', u'hr': u'0', u'r': u'0', u's_h': u'86', u'po': u'1', u's_bb': u'59', u'bb': u'1', u's_so': u'102', u'bo': u'100', u's_hr': u'15', u'd': u'0', u'a': u'0', u'e': u'0', u'name': u'Granderson', u'h': u'0', u's_rbi': u'44', u'hbp': u'0', u'name_display_first_last': u'Curtis Granderson', u'so': u'1', u't': u'0', u'rbi': u'0', u'sb': u'0', u'sf': u'0'}, {u'ab': u'3', u'sac': u'0', u'pos': u'2B', u'ao': u'2', u'go': u'2', u'cs': u'0', u'fldg': u'1.000', u'avg': u'.296', u'id': u'502517', u'lob': u'1', u's_r': u'62', u'hr': u'0', u'r': u'0', u's_h': u'131', u'po': u'4', u's_bb': u'32', u'bb': u'0', u's_so': u'60', u'bo': u'200', u's_hr': u'8', u'e': u'0', u'd': u'0', u'a': u'3', u'gidp': u'1', u'name': u'Murphy, Dn', u'h': u'0', u's_rbi': u'43', u'sf': u'0', u'name_display_first_last': u'Daniel Murphy', u'so': u'0', u't': u'0', u'rbi': u'0', u'sb': u'0', u'hbp': u'0'}, {u'ab': u'3', u'sac': u'0', u'pos': u'3B', u'ao': u'2', u'cs': u'0', u'fldg': u'1.000', u'avg': u'.270', u'id': u'431151', u'lob': u'0', u's_r': u'43', u'hr': u'0', u'r': u'0', u's_h': u'110', u'po': u'1', u's_bb': u'36', u'bb': u'0', u's_so': u'83', u'bo': u'300', u's_hr': u'8', u'd': u'0', u'a': u'4', u'e': u'0', u'name': u'Wright, D', u'h': u'0', u's_rbi': u'52', u'hbp': u'0', u'name_display_first_last': u'David Wright', u'so': u'1', u't': u'0', u'rbi': u'0', u'sb': u'0', u'sf': u'0'}, {u'ab': u'3', u'sac': u'0', u'pos': u'1B', u'ao': u'1', u'go': u'1', u'cs': u'0', u'fldg': u'1.000', u'avg': u'.263', u'id': u'446263', u'lob': u'0', u's_r': u'48', u'hr': u'1', u'r': u'1', u's_h': u'86', u'po': u'10', u's_bb': u'44', u'bb': u'0', u's_so': u'80', u'bo': u'400', u's_hr': u'20', u'd': u'0', u'a': u'1', u'e': u'0', u'name': u'Duda', u'h': u'1', u's_rbi': u'61', u'hbp': u'0', u'name_display_first_last': u'Lucas Duda', u'so': u'0', u't': u'0', u'rbi': u'1', u'sb': u'0', u'sf': u'0'}, {u'ab': u'3', u'sac': u'0', u'pos': u'LF', u'ao': u'2', u'cs': u'0', u'fldg': u'.000', u'avg': u'.207', u'id': u'455759', u'lob': u'0', u's_r': u'30', u'hr': u'0', u'r': u'0', u's_h': u'50', u'po': u'0', u's_bb': u'24', u'bb': u'0', u's_so': u'52', u'bo': u'500', u's_hr': u'8', u'd': u'0', u'a': u'0', u'e': u'0', u'name': u'Young, C', u'h': u'0', u's_rbi': u'28', u'hbp': u'0', u'name_display_first_last': u'Chris Young', u'so': u'1', u't': u'0', u'rbi': u'0', u'sb': u'0', u'sf': u'0'}, {u'ab': u'3', u'sac': u'0', u'pos': u'C', u'ao': u'2', u'go': u'1', u'cs': u'0', u'fldg': u'1.000', u'avg': u'.226', u'id': u'518595', u'lob': u'0', u's_r': u'23', u'hr': u'0', u'r': u'0', u's_h': u'53', u'po': u'4', u's_bb': u'21', u'bb': u'0', u's_so': u'45', u'bo': u'600', u's_hr': u'7', u'd': u'0', u'a': u'0', u'e': u'0', u'name': u"d'Arnaud, T", u'h': u'0', u's_rbi': u'26', u'hbp': u'0', u'name_display_first_last': u"Travis d'Arnaud", u'so': u'0', u't': u'0', u'rbi': u'0', u'sb': u'0', u'sf': u'0'}, {u'ab': u'3', u'sac': u'0', u'pos': u'CF', u'ao': u'1', u'go': u'1', u'cs': u'0', u'fldg': u'1.000', u'avg': u'.279', u'id': u'501571', u'lob': u'0', u's_r': u'27', u'hr': u'0', u'r': u'0', u's_h': u'73', u'po': u'5', u's_bb': u'12', u'bb': u'0', u's_so': u'62', u'bo': u'700', u's_hr': u'2', u'd': u'0', u'a': u'0', u'e': u'0', u'name': u'Lagares', u'h': u'1', u's_rbi': u'28', u'hbp': u'0', u'name_display_first_last': u'Juan Lagares', u'so': u'0', u't': u'0', u'rbi': u'0', u'sb': u'0', u'sf': u'0'}, {u'ab': u'3', u'sac': u'0', u'pos': u'SS', u'ao': u'0', u'go': u'2', u'cs': u'0', u'fldg': u'1.000', u'avg': u'.231', u'id': u'514913', u'lob': u'1', u's_r': u'26', u'hr': u'0', u'r': u'0', u's_h': u'64', u'po': u'2', u's_bb': u'47', u'bb': u'0', u's_so': u'63', u'bo': u'800', u's_hr': u'2', u'd': u'0', u'a': u'6', u'e': u'0', u'name': u'Tejada, R', u'h': u'0', u's_rbi': u'23', u'hbp': u'0', u'name_display_first_last': u'Ruben Tejada', u'so': u'1', u't': u'0', u'rbi': u'0', u'sb': u'0', u'sf': u'0'}, {u'ab': u'2', u'sac': u'0', u'pos': u'P', u'ao': u'1', u'cs': u'0', u'fldg': u'.667', u'avg': u'.032', u'id': u'477003', u'lob': u'1', u's_r': u'2', u'hr': u'0', u'r': u'0', u's_h': u'1', u'po': u'0', u's_bb': u'5', u'bb': u'0', u's_so': u'21', u'bo': u'900', u's_hr': u'0', u'd': u'0', u'a': u'2', u'e': u'1', u'name': u'Niese', u'h': u'0', u's_rbi': u'3', u'hbp': u'0', u'name_display_first_last': u'Jon Niese', u'so': u'1', u't': u'0', u'rbi': u'0', u'sb': u'0', u'sf': u'0'}, {u'ab': u'0', u'sac': u'0', u'pos': u'P', u'ao': u'0', u'cs': u'0', u'fldg': u'.000', u'avg': u'.000', u'id': u'502195', u'lob': u'0', u's_r': u'0', u'hr': u'0', u'r': u'0', u's_h': u'0', u'po': u'0', u's_bb': u'0', u'bb': u'0', u's_so': u'0', u'bo': u'901', u's_hr': u'0', u'd': u'0', u'a': u'0', u'e': u'0', u'name': u'Black', u'h': u'0', u's_rbi': u'0', u'hbp': u'0', u'name_display_first_last': u'Vic Black', u'so': u'0', u't': u'0', u'rbi': u'0', u'sb': u'0', u'sf': u'0'}, {u'ab': u'1', u'sac': u'0', u'pos': u'PH', u'ao': u'0', u'go': u'1', u'cs': u'0', u'fldg': u'.000', u'avg': u'.238', u'id': u'110029', u'lob': u'0', u's_r': u'12', u'note': u'a-', u'hr': u'0', u'r': u'0', u's_h': u'29', u'po': u'0', u's_bb': u'18', u'bb': u'0', u's_so': u'21', u'bo': u'902', u's_hr': u'1', u'd': u'0', u'a': u'0', u'e': u'0', u'name': u'Abreu', u'h': u'0', u's_rbi': u'14', u'sf': u'0', u'name_display_first_last': u'Bobby Abreu', u'so': u'0', u't': u'0', u'rbi': u'0', u'sb': u'0', u'hbp': u'0'}], u't': u'0', u'rbi': u'1', u'text_data': u'\n         <home_runs>Duda (20, 8th inning off Vogelsong, 0 on, 0 out).</home_runs><br/>\n         <total_bases>Duda 4; Lagares.</total_bases><br/>\n         <rbi>Duda (61).</rbi><br/>\n         <grounded_into_dp>Murphy, Dn.</grounded_into_dp><br/>\n         <team_risp>0-for-1.</team_risp>\n         <errors>Niese (3, throw).</errors><br/>\n         <double_plays>2 (Murphy, Dn-Tejada, R-Duda, Duda-Tejada, R-Murphy, Dn).</double_plays><br/><br/>', u'so': u'5', u'avg': u'.238', u'team_flag': u'home'}, {u'lob': u'11', u'ab': u'34', u'd': u'1', u'bb': u'1', u'po': u'27', u'hr': u'0', u'h': u'9', u'da': u'10', u'r': u'5', u'batter': [{u'ab': u'4', u'sac': u'0', u'pos': u'RF', u'ao': u'1', u'go': u'1', u'cs': u'0', u'fldg': u'1.000', u'avg': u'.288', u'id': u'452254', u'lob': u'1', u's_r': u'74', u'hr': u'0', u'r': u'1', u's_h': u'128', u'po': u'3', u's_bb': u'35', u'bb': u'1', u's_so': u'80', u'bo': u'100', u's_hr': u'13', u'd': u'0', u'a': u'0', u'e': u'0', u'name': u'Pence', u'h': u'1', u's_rbi': u'45', u'hbp': u'0', u'name_display_first_last': u'Hunter Pence', u'so': u'1', u't': u'1', u'rbi': u'3', u'sb': u'0', u'sf': u'0'}, {u'ab': u'4', u'sac': u'0', u'pos': u'2B', u'ao': u'2', u'go': u'1', u'cs': u'0', u'fldg': u'1.000', u'avg': u'.250', u'id': u'622110', u'lob': u'2', u's_r': u'0', u'hr': u'0', u'r': u'0', u's_h': u'1', u'po': u'2', u's_bb': u'0', u'bb': u'0', u's_so': u'0', u'bo': u'200', u's_hr': u'0', u'd': u'0', u'a': u'4', u'e': u'0', u'name': u'Duffy', u'h': u'1', u's_rbi': u'1', u'hbp': u'1', u'name_display_first_last': u'Matt Duffy', u'so': u'0', u't': u'0', u'rbi': u'1', u'sb': u'0', u'sf': u'0'}, {u'ab': u'4', u'sac': u'0', u'pos': u'C', u'ao': u'0', u'go': u'3', u'cs': u'0', u'fldg': u'1.000', u'avg': u'.281', u'id': u'457763', u'lob': u'2', u's_r': u'40', u'hr': u'0', u'r': u'0', u's_h': u'101', u'po': u'5', u's_bb': u'34', u'bb': u'0', u's_so': u'45', u'bo': u'300', u's_hr': u'12', u'e': u'0', u'd': u'0', u'a': u'0', u'gidp': u'1', u'name': u'Posey', u'h': u'1', u's_rbi': u'54', u'sf': u'0', u'name_display_first_last': u'Buster Posey', u'so': u'1', u't': u'0', u'rbi': u'0', u'sb': u'0', u'hbp': u'0'}, {u'ab': u'4', u'sac': u'0', u'pos': u'3B', u'ao': u'2', u'go': u'1', u'cs': u'0', u'fldg': u'1.000', u'avg': u'.277', u'id': u'467055', u'lob': u'1', u's_r': u'48', u'hr': u'0', u'r': u'0', u's_h': u'108', u'po': u'2', u's_bb': u'28', u'bb': u'0', u's_so': u'61', u'bo': u'400', u's_hr': u'12', u'd': u'0', u'a': u'3', u'e': u'0', u'name': u'Sandoval', u'h': u'1', u's_rbi': u'45', u'hbp': u'0', u'name_display_first_last': u'Pablo Sandoval', u'so': u'0', u't': u'0', u'rbi': u'0', u'sb': u'0', u'sf': u'0'}, {u'ab': u'4', u'sac': u'0', u'pos': u'1B', u'ao': u'1', u'go': u'1', u'cs': u'0', u'fldg': u'1.000', u'avg': u'.275', u'id': u'434604', u'lob': u'2', u's_r': u'38', u'hr': u'0', u'r': u'0', u's_h': u'100', u'po': u'6', u's_bb': u'23', u'bb': u'0', u's_so': u'100', u'bo': u'500', u's_hr': u'15', u'd': u'0', u'a': u'1', u'e': u'0', u'name': u'Morse', u'h': u'1', u's_rbi': u'49', u'hbp': u'0', u'name_display_first_last': u'Michael Morse', u'so': u'1', u't': u'0', u'rbi': u'0', u'sb': u'0', u'sf': u'0'}, {u'ab': u'0', u'sac': u'0', u'pos': u'1B', u'ao': u'0', u'cs': u'0', u'fldg': u'1.000', u'avg': u'.200', u'id': u'448170', u'lob': u'0', u's_r': u'2', u'hr': u'0', u'r': u'0', u's_h': u'7', u'po': u'4', u's_bb': u'3', u'bb': u'0', u's_so': u'12', u'bo': u'501', u's_hr': u'1', u'd': u'0', u'a': u'0', u'e': u'0', u'name': u'Ishikawa', u'h': u'0', u's_rbi': u'3', u'hbp': u'0', u'name_display_first_last': u'Travis Ishikawa', u'so': u'0', u't': u'0', u'rbi': u'0', u'sb': u'0', u'sf': u'0'}, {u'ab': u'4', u'sac': u'0', u'pos': u'LF', u'ao': u'1', u'go': u'2', u'cs': u'0', u'fldg': u'1.000', u'avg': u'.160', u'id': u'543633', u'lob': u'1', u's_r': u'8', u'hr': u'0', u'r': u'1', u's_h': u'8', u'po': u'1', u's_bb': u'2', u'bb': u'0', u's_so': u'16', u'bo': u'600', u's_hr': u'1', u'd': u'1', u'a': u'0', u'e': u'0', u'name': u'Perez, J', u'h': u'1', u's_rbi': u'2', u'hbp': u'0', u'name_display_first_last': u'Juan Perez', u'so': u'0', u't': u'0', u'rbi': u'0', u'sb': u'0', u'sf': u'0'}, {u'ab': u'4', u'sac': u'0', u'pos': u'CF', u'ao': u'0', u'go': u'4', u'cs': u'0', u'fldg': u'1.000', u'avg': u'.241', u'id': u'453923', u'lob': u'1', u's_r': u'25', u'hr': u'0', u'r': u'1', u's_h': u'59', u'po': u'1', u's_bb': u'24', u'bb': u'0', u's_so': u'53', u'bo': u'700', u's_hr': u'1', u'd': u'0', u'a': u'0', u'e': u'0', u'name': u'Blanco, G', u'h': u'0', u's_rbi': u'19', u'hbp': u'0', u'name_display_first_last': u'Gregor Blanco', u'so': u'0', u't': u'0', u'rbi': u'0', u'sb': u'0', u'sf': u'0'}, {u'ab': u'4', u'sac': u'0', u'pos': u'SS', u'ao': u'0', u'go': u'1', u'cs': u'0', u'fldg': u'1.000', u'avg': u'.240', u'id': u'543063', u'lob': u'0', u's_r': u'42', u'hr': u'0', u'r': u'1', u's_h': u'81', u'po': u'3', u's_bb': u'44', u'bb': u'0', u's_so': u'87', u'bo': u'800', u's_hr': u'8', u'd': u'0', u'a': u'1', u'e': u'0', u'name': u'Crawford, B', u'h': u'3', u's_rbi': u'46', u'hbp': u'0', u'name_display_first_last': u'Brandon Crawford', u'so': u'0', u't': u'1', u'rbi': u'1', u'sb': u'0', u'sf': u'0'}, {u'ab': u'2', u'sac': u'1', u'pos': u'P', u'ao': u'0', u'go': u'3', u'cs': u'0', u'fldg': u'1.000', u'avg': u'.132', u'id': u'285064', u'lob': u'1', u's_r': u'2', u'hr': u'0', u'r': u'1', u's_h': u'5', u'po': u'0', u's_bb': u'1', u'bb': u'0', u's_so': u'12', u'bo': u'900', u's_hr': u'0', u'e': u'0', u'd': u'0', u'a': u'1', u'gidp': u'1', u'name': u'Vogelsong', u'h': u'0', u's_rbi': u'2', u'sf': u'0', u'name_display_first_last': u'Ryan Vogelsong', u'so': u'1', u't': u'0', u'rbi': u'0', u'sb': u'0', u'hbp': u'1'}], u't': u'2', u'rbi': u'5', u'text_data': u'\n         <doubles>Perez, J (3, Niese).</doubles><br/>\n         <triples>Crawford, B (9, Niese), Pence (7, Niese).</triples><br/>\n         <total_bases>Sandoval; Crawford, B 5; Duffy; Morse; Pence 3; Perez, J 2; Posey.</total_bases><br/>\n         <rbi>Crawford, B (46), Pence 3 (45), Duffy (1).</rbi><br/>\n         <risp_lob_two_out>Morse; Duffy.</risp_lob_two_out><br/>\n         <sac_bunts>Vogelsong.</sac_bunts><br/>\n         <grounded_into_dp>Posey, Vogelsong.</grounded_into_dp><br/>\n         <team_risp>3-for-7.</team_risp>\n         <team_lob>6.</team_lob>\n         <double_plays>2 (Crawford, B-Duffy-Morse, Morse-Crawford, B).</double_plays><br/><br/>', u'so': u'4', u'avg': u'.243', u'team_flag': u'away'}], u'away_sname': u'San Francisco', u'status_ind': u'F', u'venue_id': u'3289', u'venue_name': u'Citi Field', u'game_info': u'\n      <relief_no_out>Niese pitched to 1 batter in the 9th.</relief_no_out><br/><br/>\n      <hit_by_pitch>Duffy (by Niese), Vogelsong (by Niese).</hit_by_pitch><br/>\n      <pitches_to_strikes>Vogelsong 102-69, Niese 87-68, Black 11-6.</pitches_to_strikes><br/>\n      <groundouts_to_flyouts>Vogelsong 8-4, Niese 14-4, Black 1-0.</groundouts_to_flyouts><br/>\n      <batters_faced>Vogelsong 28, Niese 35, Black 3.</batters_faced><br/>\n      <inherited_runners_scored>Black 1-0.</inherited_runners_scored><br/>\n      <umpires>\n         <umpire id="427269" position="HP" name="Jeff Kellogg"></umpire>\n         <umpire id="427366" position="1B" name="Brian O\'Nora"></umpire>\n         <umpire id="482666" position="2B" name="D.J. Reyburn"></umpire>\n         <umpire id="521251" position="3B" name="Ben May"></umpire>\n      </umpires>\n      <weather>77 degrees, cloudy</weather>\n      <wind>10 mph, Out to LF</wind>\n      <time>2:06</time>\n      <attendance>28,905</attendance>\n      <wind>Citi Field</wind>\n      <wind>August 1, 2014</wind>', u'home_sport_code': u'mlb', u'home_id': u'121', u'pitching': [{u'bf': u'28', u'bb': u'1', u'hr': u'1', u'h': u'2', u'pitcher': {u's_ip': u'127.2', u'win': u'true', u'pos': u'P', u'l': u'8', u's_er': u'53', u'hld': u'0', u'id': u'285064', u'er': u'1', u's_r': u'56', u'note': u'(W, 6-8)', u's_so': u'106', u'r': u'1', u'np': u'102', u's_h': u'129', u'out': u'27', u'bf': u'28', u's_bb': u'34', u'bb': u'1', u'hr': u'1', u'bs': u'0', u'name': u'Vogelsong', u'h': u'2', u'sv': u'0', u's': u'69', u'name_display_first_last': u'Ryan Vogelsong', u'so': u'5', u'era': u'3.74', u'w': u'6'}, u'r': u'1', u'so': u'5', u'era': u'3.37', u'out': u'27', u'team_flag': u'away', u'er': u'1'}, {u'bf': u'38', u'bb': u'1', u'hr': u'0', u'h': u'9', u'pitcher': [{u's_ip': u'122.1', u'pos': u'P', u'l': u'7', u's_er': u'44', u'hld': u'0', u'id': u'477003', u'er': u'3', u's_r': u'50', u'note': u'(L, 5-7)', u's_so': u'88', u'r': u'5', u'np': u'87', u's_h': u'122', u'out': u'24', u'bf': u'35', u's_bb': u'32', u'bb': u'0', u'hr': u'0', u'bs': u'0', u'loss': u'true', u'name': u'Niese', u'h': u'9', u'sv': u'0', u's': u'68', u'name_display_first_last': u'Jon Niese', u'so': u'4', u'era': u'3.24', u'w': u'5'}, {u's_ip': u'25.0', u'pos': u'P', u'l': u'3', u's_er': u'5', u'hld': u'8', u'id': u'502195', u'er': u'0', u's_r': u'6', u's_so': u'23', u'r': u'0', u'np': u'11', u's_h': u'17', u'out': u'3', u'bf': u'3', u'w': u'2', u'bb': u'1', u'hr': u'0', u'bs': u'0', u'name': u'Black', u'h': u'0', u'sv': u'0', u's': u'6', u'name_display_first_last': u'Vic Black', u'so': u'0', u'era': u'1.80', u's_bb': u'14'}], u'r': u'5', u'so': u'4', u'era': u'3.49', u'out': u'27', u'team_flag': u'home', u'er': u'3'}], u'away_fname': u'San Francisco Giants', u'home_loss': u'57', u'away_team_code': u'sfn', u'date': u'August 1, 2014', u'game_id': u'2014/08/01/sfnmlb-nynmlb-1', u'away_id': u'137', u'away_loss': u'50', u'linescore': {u'home_team_runs': u'1', u'home_team_hits': u'2', u'away_team_errors': u'0', u'away_team_runs': u'5', u'home_team_errors': u'1', u'inning_line_score': [{u'home': u'0', u'away': u'0', u'inning': u'1'}, {u'home': u'0', u'away': u'2', u'inning': u'2'}, {u'home': u'0', u'away': u'0', u'inning': u'3'}, {u'home': u'0', u'away': u'0', u'inning': u'4'}, {u'home': u'0', u'away': u'0', u'inning': u'5'}, {u'home': u'0', u'away': u'0', u'inning': u'6'}, {u'home': u'0', u'away': u'3', u'inning': u'7'}, {u'home': u'1', u'away': u'0', u'inning': u'8'}, {u'home': u'0', u'away': u'0', u'inning': u'9'}], u'away_team_hits': u'9'}, u'home_wins': u'52'}}, u'copyright': u'Copyright 2014 MLB Advanced Media, L.P.  Use of any content on this page acknowledges agreement to the terms posted here http://gdx.mlb.com/components/copyright.txt', u'subject': u'boxscore'}
>>> dict.keys()
Traceback (most recent call last):
  File "<stdin>", line 1, in <module>
TypeError: descriptor 'keys' of 'dict' object needs an argument
>>> j.keys()
[u'data', u'copyright', u'subject']
>>> j['data']
{u'boxscore': {u'home_fname': u'New York Mets', u'away_wins': u'59', u'home_team_code': u'nyn', u'home_sname': u'NY Mets', u'game_pk': u'382178', u'batting': [{u'lob': u'3', u'ab': u'27', u'd': u'0', u'bb': u'1', u'po': u'27', u'hr': u'1', u'h': u'2', u'da': u'16', u'note': u'\n         <pinch_hitters>a-Grounded out for Black in the 9th. </pinch_hitters>', u'r': u'1', u'batter': [{u'ab': u'3', u'sac': u'0', u'pos': u'RF', u'ao': u'1', u'go': u'1', u'cs': u'0', u'fldg': u'1.000', u'avg': u'.232', u'id': u'434158', u'lob': u'0', u's_r': u'53', u'hr': u'0', u'r': u'0', u's_h': u'86', u'po': u'1', u's_bb': u'59', u'bb': u'1', u's_so': u'102', u'bo': u'100', u's_hr': u'15', u'd': u'0', u'a': u'0', u'e': u'0', u'name': u'Granderson', u'h': u'0', u's_rbi': u'44', u'hbp': u'0', u'name_display_first_last': u'Curtis Granderson', u'so': u'1', u't': u'0', u'rbi': u'0', u'sb': u'0', u'sf': u'0'}, {u'ab': u'3', u'sac': u'0', u'pos': u'2B', u'ao': u'2', u'go': u'2', u'cs': u'0', u'fldg': u'1.000', u'avg': u'.296', u'id': u'502517', u'lob': u'1', u's_r': u'62', u'hr': u'0', u'r': u'0', u's_h': u'131', u'po': u'4', u's_bb': u'32', u'bb': u'0', u's_so': u'60', u'bo': u'200', u's_hr': u'8', u'e': u'0', u'd': u'0', u'a': u'3', u'gidp': u'1', u'name': u'Murphy, Dn', u'h': u'0', u's_rbi': u'43', u'sf': u'0', u'name_display_first_last': u'Daniel Murphy', u'so': u'0', u't': u'0', u'rbi': u'0', u'sb': u'0', u'hbp': u'0'}, {u'ab': u'3', u'sac': u'0', u'pos': u'3B', u'ao': u'2', u'cs': u'0', u'fldg': u'1.000', u'avg': u'.270', u'id': u'431151', u'lob': u'0', u's_r': u'43', u'hr': u'0', u'r': u'0', u's_h': u'110', u'po': u'1', u's_bb': u'36', u'bb': u'0', u's_so': u'83', u'bo': u'300', u's_hr': u'8', u'd': u'0', u'a': u'4', u'e': u'0', u'name': u'Wright, D', u'h': u'0', u's_rbi': u'52', u'hbp': u'0', u'name_display_first_last': u'David Wright', u'so': u'1', u't': u'0', u'rbi': u'0', u'sb': u'0', u'sf': u'0'}, {u'ab': u'3', u'sac': u'0', u'pos': u'1B', u'ao': u'1', u'go': u'1', u'cs': u'0', u'fldg': u'1.000', u'avg': u'.263', u'id': u'446263', u'lob': u'0', u's_r': u'48', u'hr': u'1', u'r': u'1', u's_h': u'86', u'po': u'10', u's_bb': u'44', u'bb': u'0', u's_so': u'80', u'bo': u'400', u's_hr': u'20', u'd': u'0', u'a': u'1', u'e': u'0', u'name': u'Duda', u'h': u'1', u's_rbi': u'61', u'hbp': u'0', u'name_display_first_last': u'Lucas Duda', u'so': u'0', u't': u'0', u'rbi': u'1', u'sb': u'0', u'sf': u'0'}, {u'ab': u'3', u'sac': u'0', u'pos': u'LF', u'ao': u'2', u'cs': u'0', u'fldg': u'.000', u'avg': u'.207', u'id': u'455759', u'lob': u'0', u's_r': u'30', u'hr': u'0', u'r': u'0', u's_h': u'50', u'po': u'0', u's_bb': u'24', u'bb': u'0', u's_so': u'52', u'bo': u'500', u's_hr': u'8', u'd': u'0', u'a': u'0', u'e': u'0', u'name': u'Young, C', u'h': u'0', u's_rbi': u'28', u'hbp': u'0', u'name_display_first_last': u'Chris Young', u'so': u'1', u't': u'0', u'rbi': u'0', u'sb': u'0', u'sf': u'0'}, {u'ab': u'3', u'sac': u'0', u'pos': u'C', u'ao': u'2', u'go': u'1', u'cs': u'0', u'fldg': u'1.000', u'avg': u'.226', u'id': u'518595', u'lob': u'0', u's_r': u'23', u'hr': u'0', u'r': u'0', u's_h': u'53', u'po': u'4', u's_bb': u'21', u'bb': u'0', u's_so': u'45', u'bo': u'600', u's_hr': u'7', u'd': u'0', u'a': u'0', u'e': u'0', u'name': u"d'Arnaud, T", u'h': u'0', u's_rbi': u'26', u'hbp': u'0', u'name_display_first_last': u"Travis d'Arnaud", u'so': u'0', u't': u'0', u'rbi': u'0', u'sb': u'0', u'sf': u'0'}, {u'ab': u'3', u'sac': u'0', u'pos': u'CF', u'ao': u'1', u'go': u'1', u'cs': u'0', u'fldg': u'1.000', u'avg': u'.279', u'id': u'501571', u'lob': u'0', u's_r': u'27', u'hr': u'0', u'r': u'0', u's_h': u'73', u'po': u'5', u's_bb': u'12', u'bb': u'0', u's_so': u'62', u'bo': u'700', u's_hr': u'2', u'd': u'0', u'a': u'0', u'e': u'0', u'name': u'Lagares', u'h': u'1', u's_rbi': u'28', u'hbp': u'0', u'name_display_first_last': u'Juan Lagares', u'so': u'0', u't': u'0', u'rbi': u'0', u'sb': u'0', u'sf': u'0'}, {u'ab': u'3', u'sac': u'0', u'pos': u'SS', u'ao': u'0', u'go': u'2', u'cs': u'0', u'fldg': u'1.000', u'avg': u'.231', u'id': u'514913', u'lob': u'1', u's_r': u'26', u'hr': u'0', u'r': u'0', u's_h': u'64', u'po': u'2', u's_bb': u'47', u'bb': u'0', u's_so': u'63', u'bo': u'800', u's_hr': u'2', u'd': u'0', u'a': u'6', u'e': u'0', u'name': u'Tejada, R', u'h': u'0', u's_rbi': u'23', u'hbp': u'0', u'name_display_first_last': u'Ruben Tejada', u'so': u'1', u't': u'0', u'rbi': u'0', u'sb': u'0', u'sf': u'0'}, {u'ab': u'2', u'sac': u'0', u'pos': u'P', u'ao': u'1', u'cs': u'0', u'fldg': u'.667', u'avg': u'.032', u'id': u'477003', u'lob': u'1', u's_r': u'2', u'hr': u'0', u'r': u'0', u's_h': u'1', u'po': u'0', u's_bb': u'5', u'bb': u'0', u's_so': u'21', u'bo': u'900', u's_hr': u'0', u'd': u'0', u'a': u'2', u'e': u'1', u'name': u'Niese', u'h': u'0', u's_rbi': u'3', u'hbp': u'0', u'name_display_first_last': u'Jon Niese', u'so': u'1', u't': u'0', u'rbi': u'0', u'sb': u'0', u'sf': u'0'}, {u'ab': u'0', u'sac': u'0', u'pos': u'P', u'ao': u'0', u'cs': u'0', u'fldg': u'.000', u'avg': u'.000', u'id': u'502195', u'lob': u'0', u's_r': u'0', u'hr': u'0', u'r': u'0', u's_h': u'0', u'po': u'0', u's_bb': u'0', u'bb': u'0', u's_so': u'0', u'bo': u'901', u's_hr': u'0', u'd': u'0', u'a': u'0', u'e': u'0', u'name': u'Black', u'h': u'0', u's_rbi': u'0', u'hbp': u'0', u'name_display_first_last': u'Vic Black', u'so': u'0', u't': u'0', u'rbi': u'0', u'sb': u'0', u'sf': u'0'}, {u'ab': u'1', u'sac': u'0', u'pos': u'PH', u'ao': u'0', u'go': u'1', u'cs': u'0', u'fldg': u'.000', u'avg': u'.238', u'id': u'110029', u'lob': u'0', u's_r': u'12', u'note': u'a-', u'hr': u'0', u'r': u'0', u's_h': u'29', u'po': u'0', u's_bb': u'18', u'bb': u'0', u's_so': u'21', u'bo': u'902', u's_hr': u'1', u'd': u'0', u'a': u'0', u'e': u'0', u'name': u'Abreu', u'h': u'0', u's_rbi': u'14', u'sf': u'0', u'name_display_first_last': u'Bobby Abreu', u'so': u'0', u't': u'0', u'rbi': u'0', u'sb': u'0', u'hbp': u'0'}], u't': u'0', u'rbi': u'1', u'text_data': u'\n         <home_runs>Duda (20, 8th inning off Vogelsong, 0 on, 0 out).</home_runs><br/>\n         <total_bases>Duda 4; Lagares.</total_bases><br/>\n         <rbi>Duda (61).</rbi><br/>\n         <grounded_into_dp>Murphy, Dn.</grounded_into_dp><br/>\n         <team_risp>0-for-1.</team_risp>\n         <errors>Niese (3, throw).</errors><br/>\n         <double_plays>2 (Murphy, Dn-Tejada, R-Duda, Duda-Tejada, R-Murphy, Dn).</double_plays><br/><br/>', u'so': u'5', u'avg': u'.238', u'team_flag': u'home'}, {u'lob': u'11', u'ab': u'34', u'd': u'1', u'bb': u'1', u'po': u'27', u'hr': u'0', u'h': u'9', u'da': u'10', u'r': u'5', u'batter': [{u'ab': u'4', u'sac': u'0', u'pos': u'RF', u'ao': u'1', u'go': u'1', u'cs': u'0', u'fldg': u'1.000', u'avg': u'.288', u'id': u'452254', u'lob': u'1', u's_r': u'74', u'hr': u'0', u'r': u'1', u's_h': u'128', u'po': u'3', u's_bb': u'35', u'bb': u'1', u's_so': u'80', u'bo': u'100', u's_hr': u'13', u'd': u'0', u'a': u'0', u'e': u'0', u'name': u'Pence', u'h': u'1', u's_rbi': u'45', u'hbp': u'0', u'name_display_first_last': u'Hunter Pence', u'so': u'1', u't': u'1', u'rbi': u'3', u'sb': u'0', u'sf': u'0'}, {u'ab': u'4', u'sac': u'0', u'pos': u'2B', u'ao': u'2', u'go': u'1', u'cs': u'0', u'fldg': u'1.000', u'avg': u'.250', u'id': u'622110', u'lob': u'2', u's_r': u'0', u'hr': u'0', u'r': u'0', u's_h': u'1', u'po': u'2', u's_bb': u'0', u'bb': u'0', u's_so': u'0', u'bo': u'200', u's_hr': u'0', u'd': u'0', u'a': u'4', u'e': u'0', u'name': u'Duffy', u'h': u'1', u's_rbi': u'1', u'hbp': u'1', u'name_display_first_last': u'Matt Duffy', u'so': u'0', u't': u'0', u'rbi': u'1', u'sb': u'0', u'sf': u'0'}, {u'ab': u'4', u'sac': u'0', u'pos': u'C', u'ao': u'0', u'go': u'3', u'cs': u'0', u'fldg': u'1.000', u'avg': u'.281', u'id': u'457763', u'lob': u'2', u's_r': u'40', u'hr': u'0', u'r': u'0', u's_h': u'101', u'po': u'5', u's_bb': u'34', u'bb': u'0', u's_so': u'45', u'bo': u'300', u's_hr': u'12', u'e': u'0', u'd': u'0', u'a': u'0', u'gidp': u'1', u'name': u'Posey', u'h': u'1', u's_rbi': u'54', u'sf': u'0', u'name_display_first_last': u'Buster Posey', u'so': u'1', u't': u'0', u'rbi': u'0', u'sb': u'0', u'hbp': u'0'}, {u'ab': u'4', u'sac': u'0', u'pos': u'3B', u'ao': u'2', u'go': u'1', u'cs': u'0', u'fldg': u'1.000', u'avg': u'.277', u'id': u'467055', u'lob': u'1', u's_r': u'48', u'hr': u'0', u'r': u'0', u's_h': u'108', u'po': u'2', u's_bb': u'28', u'bb': u'0', u's_so': u'61', u'bo': u'400', u's_hr': u'12', u'd': u'0', u'a': u'3', u'e': u'0', u'name': u'Sandoval', u'h': u'1', u's_rbi': u'45', u'hbp': u'0', u'name_display_first_last': u'Pablo Sandoval', u'so': u'0', u't': u'0', u'rbi': u'0', u'sb': u'0', u'sf': u'0'}, {u'ab': u'4', u'sac': u'0', u'pos': u'1B', u'ao': u'1', u'go': u'1', u'cs': u'0', u'fldg': u'1.000', u'avg': u'.275', u'id': u'434604', u'lob': u'2', u's_r': u'38', u'hr': u'0', u'r': u'0', u's_h': u'100', u'po': u'6', u's_bb': u'23', u'bb': u'0', u's_so': u'100', u'bo': u'500', u's_hr': u'15', u'd': u'0', u'a': u'1', u'e': u'0', u'name': u'Morse', u'h': u'1', u's_rbi': u'49', u'hbp': u'0', u'name_display_first_last': u'Michael Morse', u'so': u'1', u't': u'0', u'rbi': u'0', u'sb': u'0', u'sf': u'0'}, {u'ab': u'0', u'sac': u'0', u'pos': u'1B', u'ao': u'0', u'cs': u'0', u'fldg': u'1.000', u'avg': u'.200', u'id': u'448170', u'lob': u'0', u's_r': u'2', u'hr': u'0', u'r': u'0', u's_h': u'7', u'po': u'4', u's_bb': u'3', u'bb': u'0', u's_so': u'12', u'bo': u'501', u's_hr': u'1', u'd': u'0', u'a': u'0', u'e': u'0', u'name': u'Ishikawa', u'h': u'0', u's_rbi': u'3', u'hbp': u'0', u'name_display_first_last': u'Travis Ishikawa', u'so': u'0', u't': u'0', u'rbi': u'0', u'sb': u'0', u'sf': u'0'}, {u'ab': u'4', u'sac': u'0', u'pos': u'LF', u'ao': u'1', u'go': u'2', u'cs': u'0', u'fldg': u'1.000', u'avg': u'.160', u'id': u'543633', u'lob': u'1', u's_r': u'8', u'hr': u'0', u'r': u'1', u's_h': u'8', u'po': u'1', u's_bb': u'2', u'bb': u'0', u's_so': u'16', u'bo': u'600', u's_hr': u'1', u'd': u'1', u'a': u'0', u'e': u'0', u'name': u'Perez, J', u'h': u'1', u's_rbi': u'2', u'hbp': u'0', u'name_display_first_last': u'Juan Perez', u'so': u'0', u't': u'0', u'rbi': u'0', u'sb': u'0', u'sf': u'0'}, {u'ab': u'4', u'sac': u'0', u'pos': u'CF', u'ao': u'0', u'go': u'4', u'cs': u'0', u'fldg': u'1.000', u'avg': u'.241', u'id': u'453923', u'lob': u'1', u's_r': u'25', u'hr': u'0', u'r': u'1', u's_h': u'59', u'po': u'1', u's_bb': u'24', u'bb': u'0', u's_so': u'53', u'bo': u'700', u's_hr': u'1', u'd': u'0', u'a': u'0', u'e': u'0', u'name': u'Blanco, G', u'h': u'0', u's_rbi': u'19', u'hbp': u'0', u'name_display_first_last': u'Gregor Blanco', u'so': u'0', u't': u'0', u'rbi': u'0', u'sb': u'0', u'sf': u'0'}, {u'ab': u'4', u'sac': u'0', u'pos': u'SS', u'ao': u'0', u'go': u'1', u'cs': u'0', u'fldg': u'1.000', u'avg': u'.240', u'id': u'543063', u'lob': u'0', u's_r': u'42', u'hr': u'0', u'r': u'1', u's_h': u'81', u'po': u'3', u's_bb': u'44', u'bb': u'0', u's_so': u'87', u'bo': u'800', u's_hr': u'8', u'd': u'0', u'a': u'1', u'e': u'0', u'name': u'Crawford, B', u'h': u'3', u's_rbi': u'46', u'hbp': u'0', u'name_display_first_last': u'Brandon Crawford', u'so': u'0', u't': u'1', u'rbi': u'1', u'sb': u'0', u'sf': u'0'}, {u'ab': u'2', u'sac': u'1', u'pos': u'P', u'ao': u'0', u'go': u'3', u'cs': u'0', u'fldg': u'1.000', u'avg': u'.132', u'id': u'285064', u'lob': u'1', u's_r': u'2', u'hr': u'0', u'r': u'1', u's_h': u'5', u'po': u'0', u's_bb': u'1', u'bb': u'0', u's_so': u'12', u'bo': u'900', u's_hr': u'0', u'e': u'0', u'd': u'0', u'a': u'1', u'gidp': u'1', u'name': u'Vogelsong', u'h': u'0', u's_rbi': u'2', u'sf': u'0', u'name_display_first_last': u'Ryan Vogelsong', u'so': u'1', u't': u'0', u'rbi': u'0', u'sb': u'0', u'hbp': u'1'}], u't': u'2', u'rbi': u'5', u'text_data': u'\n         <doubles>Perez, J (3, Niese).</doubles><br/>\n         <triples>Crawford, B (9, Niese), Pence (7, Niese).</triples><br/>\n         <total_bases>Sandoval; Crawford, B 5; Duffy; Morse; Pence 3; Perez, J 2; Posey.</total_bases><br/>\n         <rbi>Crawford, B (46), Pence 3 (45), Duffy (1).</rbi><br/>\n         <risp_lob_two_out>Morse; Duffy.</risp_lob_two_out><br/>\n         <sac_bunts>Vogelsong.</sac_bunts><br/>\n         <grounded_into_dp>Posey, Vogelsong.</grounded_into_dp><br/>\n         <team_risp>3-for-7.</team_risp>\n         <team_lob>6.</team_lob>\n         <double_plays>2 (Crawford, B-Duffy-Morse, Morse-Crawford, B).</double_plays><br/><br/>', u'so': u'4', u'avg': u'.243', u'team_flag': u'away'}], u'away_sname': u'San Francisco', u'status_ind': u'F', u'venue_id': u'3289', u'venue_name': u'Citi Field', u'game_info': u'\n      <relief_no_out>Niese pitched to 1 batter in the 9th.</relief_no_out><br/><br/>\n      <hit_by_pitch>Duffy (by Niese), Vogelsong (by Niese).</hit_by_pitch><br/>\n      <pitches_to_strikes>Vogelsong 102-69, Niese 87-68, Black 11-6.</pitches_to_strikes><br/>\n      <groundouts_to_flyouts>Vogelsong 8-4, Niese 14-4, Black 1-0.</groundouts_to_flyouts><br/>\n      <batters_faced>Vogelsong 28, Niese 35, Black 3.</batters_faced><br/>\n      <inherited_runners_scored>Black 1-0.</inherited_runners_scored><br/>\n      <umpires>\n         <umpire id="427269" position="HP" name="Jeff Kellogg"></umpire>\n         <umpire id="427366" position="1B" name="Brian O\'Nora"></umpire>\n         <umpire id="482666" position="2B" name="D.J. Reyburn"></umpire>\n         <umpire id="521251" position="3B" name="Ben May"></umpire>\n      </umpires>\n      <weather>77 degrees, cloudy</weather>\n      <wind>10 mph, Out to LF</wind>\n      <time>2:06</time>\n      <attendance>28,905</attendance>\n      <wind>Citi Field</wind>\n      <wind>August 1, 2014</wind>', u'home_sport_code': u'mlb', u'home_id': u'121', u'pitching': [{u'bf': u'28', u'bb': u'1', u'hr': u'1', u'h': u'2', u'pitcher': {u's_ip': u'127.2', u'win': u'true', u'pos': u'P', u'l': u'8', u's_er': u'53', u'hld': u'0', u'id': u'285064', u'er': u'1', u's_r': u'56', u'note': u'(W, 6-8)', u's_so': u'106', u'r': u'1', u'np': u'102', u's_h': u'129', u'out': u'27', u'bf': u'28', u's_bb': u'34', u'bb': u'1', u'hr': u'1', u'bs': u'0', u'name': u'Vogelsong', u'h': u'2', u'sv': u'0', u's': u'69', u'name_display_first_last': u'Ryan Vogelsong', u'so': u'5', u'era': u'3.74', u'w': u'6'}, u'r': u'1', u'so': u'5', u'era': u'3.37', u'out': u'27', u'team_flag': u'away', u'er': u'1'}, {u'bf': u'38', u'bb': u'1', u'hr': u'0', u'h': u'9', u'pitcher': [{u's_ip': u'122.1', u'pos': u'P', u'l': u'7', u's_er': u'44', u'hld': u'0', u'id': u'477003', u'er': u'3', u's_r': u'50', u'note': u'(L, 5-7)', u's_so': u'88', u'r': u'5', u'np': u'87', u's_h': u'122', u'out': u'24', u'bf': u'35', u's_bb': u'32', u'bb': u'0', u'hr': u'0', u'bs': u'0', u'loss': u'true', u'name': u'Niese', u'h': u'9', u'sv': u'0', u's': u'68', u'name_display_first_last': u'Jon Niese', u'so': u'4', u'era': u'3.24', u'w': u'5'}, {u's_ip': u'25.0', u'pos': u'P', u'l': u'3', u's_er': u'5', u'hld': u'8', u'id': u'502195', u'er': u'0', u's_r': u'6', u's_so': u'23', u'r': u'0', u'np': u'11', u's_h': u'17', u'out': u'3', u'bf': u'3', u'w': u'2', u'bb': u'1', u'hr': u'0', u'bs': u'0', u'name': u'Black', u'h': u'0', u'sv': u'0', u's': u'6', u'name_display_first_last': u'Vic Black', u'so': u'0', u'era': u'1.80', u's_bb': u'14'}], u'r': u'5', u'so': u'4', u'era': u'3.49', u'out': u'27', u'team_flag': u'home', u'er': u'3'}], u'away_fname': u'San Francisco Giants', u'home_loss': u'57', u'away_team_code': u'sfn', u'date': u'August 1, 2014', u'game_id': u'2014/08/01/sfnmlb-nynmlb-1', u'away_id': u'137', u'away_loss': u'50', u'linescore': {u'home_team_runs': u'1', u'home_team_hits': u'2', u'away_team_errors': u'0', u'away_team_runs': u'5', u'home_team_errors': u'1', u'inning_line_score': [{u'home': u'0', u'away': u'0', u'inning': u'1'}, {u'home': u'0', u'away': u'2', u'inning': u'2'}, {u'home': u'0', u'away': u'0', u'inning': u'3'}, {u'home': u'0', u'away': u'0', u'inning': u'4'}, {u'home': u'0', u'away': u'0', u'inning': u'5'}, {u'home': u'0', u'away': u'0', u'inning': u'6'}, {u'home': u'0', u'away': u'3', u'inning': u'7'}, {u'home': u'1', u'away': u'0', u'inning': u'8'}, {u'home': u'0', u'away': u'0', u'inning': u'9'}], u'away_team_hits': u'9'}, u'home_wins': u'52'}}
>>> foo = j['data']
>>> foo
{u'boxscore': {u'home_fname': u'New York Mets', u'away_wins': u'59', u'home_team_code': u'nyn', u'home_sname': u'NY Mets', u'game_pk': u'382178', u'batting': [{u'lob': u'3', u'ab': u'27', u'd': u'0', u'bb': u'1', u'po': u'27', u'hr': u'1', u'h': u'2', u'da': u'16', u'note': u'\n         <pinch_hitters>a-Grounded out for Black in the 9th. </pinch_hitters>', u'r': u'1', u'batter': [{u'ab': u'3', u'sac': u'0', u'pos': u'RF', u'ao': u'1', u'go': u'1', u'cs': u'0', u'fldg': u'1.000', u'avg': u'.232', u'id': u'434158', u'lob': u'0', u's_r': u'53', u'hr': u'0', u'r': u'0', u's_h': u'86', u'po': u'1', u's_bb': u'59', u'bb': u'1', u's_so': u'102', u'bo': u'100', u's_hr': u'15', u'd': u'0', u'a': u'0', u'e': u'0', u'name': u'Granderson', u'h': u'0', u's_rbi': u'44', u'hbp': u'0', u'name_display_first_last': u'Curtis Granderson', u'so': u'1', u't': u'0', u'rbi': u'0', u'sb': u'0', u'sf': u'0'}, {u'ab': u'3', u'sac': u'0', u'pos': u'2B', u'ao': u'2', u'go': u'2', u'cs': u'0', u'fldg': u'1.000', u'avg': u'.296', u'id': u'502517', u'lob': u'1', u's_r': u'62', u'hr': u'0', u'r': u'0', u's_h': u'131', u'po': u'4', u's_bb': u'32', u'bb': u'0', u's_so': u'60', u'bo': u'200', u's_hr': u'8', u'e': u'0', u'd': u'0', u'a': u'3', u'gidp': u'1', u'name': u'Murphy, Dn', u'h': u'0', u's_rbi': u'43', u'sf': u'0', u'name_display_first_last': u'Daniel Murphy', u'so': u'0', u't': u'0', u'rbi': u'0', u'sb': u'0', u'hbp': u'0'}, {u'ab': u'3', u'sac': u'0', u'pos': u'3B', u'ao': u'2', u'cs': u'0', u'fldg': u'1.000', u'avg': u'.270', u'id': u'431151', u'lob': u'0', u's_r': u'43', u'hr': u'0', u'r': u'0', u's_h': u'110', u'po': u'1', u's_bb': u'36', u'bb': u'0', u's_so': u'83', u'bo': u'300', u's_hr': u'8', u'd': u'0', u'a': u'4', u'e': u'0', u'name': u'Wright, D', u'h': u'0', u's_rbi': u'52', u'hbp': u'0', u'name_display_first_last': u'David Wright', u'so': u'1', u't': u'0', u'rbi': u'0', u'sb': u'0', u'sf': u'0'}, {u'ab': u'3', u'sac': u'0', u'pos': u'1B', u'ao': u'1', u'go': u'1', u'cs': u'0', u'fldg': u'1.000', u'avg': u'.263', u'id': u'446263', u'lob': u'0', u's_r': u'48', u'hr': u'1', u'r': u'1', u's_h': u'86', u'po': u'10', u's_bb': u'44', u'bb': u'0', u's_so': u'80', u'bo': u'400', u's_hr': u'20', u'd': u'0', u'a': u'1', u'e': u'0', u'name': u'Duda', u'h': u'1', u's_rbi': u'61', u'hbp': u'0', u'name_display_first_last': u'Lucas Duda', u'so': u'0', u't': u'0', u'rbi': u'1', u'sb': u'0', u'sf': u'0'}, {u'ab': u'3', u'sac': u'0', u'pos': u'LF', u'ao': u'2', u'cs': u'0', u'fldg': u'.000', u'avg': u'.207', u'id': u'455759', u'lob': u'0', u's_r': u'30', u'hr': u'0', u'r': u'0', u's_h': u'50', u'po': u'0', u's_bb': u'24', u'bb': u'0', u's_so': u'52', u'bo': u'500', u's_hr': u'8', u'd': u'0', u'a': u'0', u'e': u'0', u'name': u'Young, C', u'h': u'0', u's_rbi': u'28', u'hbp': u'0', u'name_display_first_last': u'Chris Young', u'so': u'1', u't': u'0', u'rbi': u'0', u'sb': u'0', u'sf': u'0'}, {u'ab': u'3', u'sac': u'0', u'pos': u'C', u'ao': u'2', u'go': u'1', u'cs': u'0', u'fldg': u'1.000', u'avg': u'.226', u'id': u'518595', u'lob': u'0', u's_r': u'23', u'hr': u'0', u'r': u'0', u's_h': u'53', u'po': u'4', u's_bb': u'21', u'bb': u'0', u's_so': u'45', u'bo': u'600', u's_hr': u'7', u'd': u'0', u'a': u'0', u'e': u'0', u'name': u"d'Arnaud, T", u'h': u'0', u's_rbi': u'26', u'hbp': u'0', u'name_display_first_last': u"Travis d'Arnaud", u'so': u'0', u't': u'0', u'rbi': u'0', u'sb': u'0', u'sf': u'0'}, {u'ab': u'3', u'sac': u'0', u'pos': u'CF', u'ao': u'1', u'go': u'1', u'cs': u'0', u'fldg': u'1.000', u'avg': u'.279', u'id': u'501571', u'lob': u'0', u's_r': u'27', u'hr': u'0', u'r': u'0', u's_h': u'73', u'po': u'5', u's_bb': u'12', u'bb': u'0', u's_so': u'62', u'bo': u'700', u's_hr': u'2', u'd': u'0', u'a': u'0', u'e': u'0', u'name': u'Lagares', u'h': u'1', u's_rbi': u'28', u'hbp': u'0', u'name_display_first_last': u'Juan Lagares', u'so': u'0', u't': u'0', u'rbi': u'0', u'sb': u'0', u'sf': u'0'}, {u'ab': u'3', u'sac': u'0', u'pos': u'SS', u'ao': u'0', u'go': u'2', u'cs': u'0', u'fldg': u'1.000', u'avg': u'.231', u'id': u'514913', u'lob': u'1', u's_r': u'26', u'hr': u'0', u'r': u'0', u's_h': u'64', u'po': u'2', u's_bb': u'47', u'bb': u'0', u's_so': u'63', u'bo': u'800', u's_hr': u'2', u'd': u'0', u'a': u'6', u'e': u'0', u'name': u'Tejada, R', u'h': u'0', u's_rbi': u'23', u'hbp': u'0', u'name_display_first_last': u'Ruben Tejada', u'so': u'1', u't': u'0', u'rbi': u'0', u'sb': u'0', u'sf': u'0'}, {u'ab': u'2', u'sac': u'0', u'pos': u'P', u'ao': u'1', u'cs': u'0', u'fldg': u'.667', u'avg': u'.032', u'id': u'477003', u'lob': u'1', u's_r': u'2', u'hr': u'0', u'r': u'0', u's_h': u'1', u'po': u'0', u's_bb': u'5', u'bb': u'0', u's_so': u'21', u'bo': u'900', u's_hr': u'0', u'd': u'0', u'a': u'2', u'e': u'1', u'name': u'Niese', u'h': u'0', u's_rbi': u'3', u'hbp': u'0', u'name_display_first_last': u'Jon Niese', u'so': u'1', u't': u'0', u'rbi': u'0', u'sb': u'0', u'sf': u'0'}, {u'ab': u'0', u'sac': u'0', u'pos': u'P', u'ao': u'0', u'cs': u'0', u'fldg': u'.000', u'avg': u'.000', u'id': u'502195', u'lob': u'0', u's_r': u'0', u'hr': u'0', u'r': u'0', u's_h': u'0', u'po': u'0', u's_bb': u'0', u'bb': u'0', u's_so': u'0', u'bo': u'901', u's_hr': u'0', u'd': u'0', u'a': u'0', u'e': u'0', u'name': u'Black', u'h': u'0', u's_rbi': u'0', u'hbp': u'0', u'name_display_first_last': u'Vic Black', u'so': u'0', u't': u'0', u'rbi': u'0', u'sb': u'0', u'sf': u'0'}, {u'ab': u'1', u'sac': u'0', u'pos': u'PH', u'ao': u'0', u'go': u'1', u'cs': u'0', u'fldg': u'.000', u'avg': u'.238', u'id': u'110029', u'lob': u'0', u's_r': u'12', u'note': u'a-', u'hr': u'0', u'r': u'0', u's_h': u'29', u'po': u'0', u's_bb': u'18', u'bb': u'0', u's_so': u'21', u'bo': u'902', u's_hr': u'1', u'd': u'0', u'a': u'0', u'e': u'0', u'name': u'Abreu', u'h': u'0', u's_rbi': u'14', u'sf': u'0', u'name_display_first_last': u'Bobby Abreu', u'so': u'0', u't': u'0', u'rbi': u'0', u'sb': u'0', u'hbp': u'0'}], u't': u'0', u'rbi': u'1', u'text_data': u'\n         <home_runs>Duda (20, 8th inning off Vogelsong, 0 on, 0 out).</home_runs><br/>\n         <total_bases>Duda 4; Lagares.</total_bases><br/>\n         <rbi>Duda (61).</rbi><br/>\n         <grounded_into_dp>Murphy, Dn.</grounded_into_dp><br/>\n         <team_risp>0-for-1.</team_risp>\n         <errors>Niese (3, throw).</errors><br/>\n         <double_plays>2 (Murphy, Dn-Tejada, R-Duda, Duda-Tejada, R-Murphy, Dn).</double_plays><br/><br/>', u'so': u'5', u'avg': u'.238', u'team_flag': u'home'}, {u'lob': u'11', u'ab': u'34', u'd': u'1', u'bb': u'1', u'po': u'27', u'hr': u'0', u'h': u'9', u'da': u'10', u'r': u'5', u'batter': [{u'ab': u'4', u'sac': u'0', u'pos': u'RF', u'ao': u'1', u'go': u'1', u'cs': u'0', u'fldg': u'1.000', u'avg': u'.288', u'id': u'452254', u'lob': u'1', u's_r': u'74', u'hr': u'0', u'r': u'1', u's_h': u'128', u'po': u'3', u's_bb': u'35', u'bb': u'1', u's_so': u'80', u'bo': u'100', u's_hr': u'13', u'd': u'0', u'a': u'0', u'e': u'0', u'name': u'Pence', u'h': u'1', u's_rbi': u'45', u'hbp': u'0', u'name_display_first_last': u'Hunter Pence', u'so': u'1', u't': u'1', u'rbi': u'3', u'sb': u'0', u'sf': u'0'}, {u'ab': u'4', u'sac': u'0', u'pos': u'2B', u'ao': u'2', u'go': u'1', u'cs': u'0', u'fldg': u'1.000', u'avg': u'.250', u'id': u'622110', u'lob': u'2', u's_r': u'0', u'hr': u'0', u'r': u'0', u's_h': u'1', u'po': u'2', u's_bb': u'0', u'bb': u'0', u's_so': u'0', u'bo': u'200', u's_hr': u'0', u'd': u'0', u'a': u'4', u'e': u'0', u'name': u'Duffy', u'h': u'1', u's_rbi': u'1', u'hbp': u'1', u'name_display_first_last': u'Matt Duffy', u'so': u'0', u't': u'0', u'rbi': u'1', u'sb': u'0', u'sf': u'0'}, {u'ab': u'4', u'sac': u'0', u'pos': u'C', u'ao': u'0', u'go': u'3', u'cs': u'0', u'fldg': u'1.000', u'avg': u'.281', u'id': u'457763', u'lob': u'2', u's_r': u'40', u'hr': u'0', u'r': u'0', u's_h': u'101', u'po': u'5', u's_bb': u'34', u'bb': u'0', u's_so': u'45', u'bo': u'300', u's_hr': u'12', u'e': u'0', u'd': u'0', u'a': u'0', u'gidp': u'1', u'name': u'Posey', u'h': u'1', u's_rbi': u'54', u'sf': u'0', u'name_display_first_last': u'Buster Posey', u'so': u'1', u't': u'0', u'rbi': u'0', u'sb': u'0', u'hbp': u'0'}, {u'ab': u'4', u'sac': u'0', u'pos': u'3B', u'ao': u'2', u'go': u'1', u'cs': u'0', u'fldg': u'1.000', u'avg': u'.277', u'id': u'467055', u'lob': u'1', u's_r': u'48', u'hr': u'0', u'r': u'0', u's_h': u'108', u'po': u'2', u's_bb': u'28', u'bb': u'0', u's_so': u'61', u'bo': u'400', u's_hr': u'12', u'd': u'0', u'a': u'3', u'e': u'0', u'name': u'Sandoval', u'h': u'1', u's_rbi': u'45', u'hbp': u'0', u'name_display_first_last': u'Pablo Sandoval', u'so': u'0', u't': u'0', u'rbi': u'0', u'sb': u'0', u'sf': u'0'}, {u'ab': u'4', u'sac': u'0', u'pos': u'1B', u'ao': u'1', u'go': u'1', u'cs': u'0', u'fldg': u'1.000', u'avg': u'.275', u'id': u'434604', u'lob': u'2', u's_r': u'38', u'hr': u'0', u'r': u'0', u's_h': u'100', u'po': u'6', u's_bb': u'23', u'bb': u'0', u's_so': u'100', u'bo': u'500', u's_hr': u'15', u'd': u'0', u'a': u'1', u'e': u'0', u'name': u'Morse', u'h': u'1', u's_rbi': u'49', u'hbp': u'0', u'name_display_first_last': u'Michael Morse', u'so': u'1', u't': u'0', u'rbi': u'0', u'sb': u'0', u'sf': u'0'}, {u'ab': u'0', u'sac': u'0', u'pos': u'1B', u'ao': u'0', u'cs': u'0', u'fldg': u'1.000', u'avg': u'.200', u'id': u'448170', u'lob': u'0', u's_r': u'2', u'hr': u'0', u'r': u'0', u's_h': u'7', u'po': u'4', u's_bb': u'3', u'bb': u'0', u's_so': u'12', u'bo': u'501', u's_hr': u'1', u'd': u'0', u'a': u'0', u'e': u'0', u'name': u'Ishikawa', u'h': u'0', u's_rbi': u'3', u'hbp': u'0', u'name_display_first_last': u'Travis Ishikawa', u'so': u'0', u't': u'0', u'rbi': u'0', u'sb': u'0', u'sf': u'0'}, {u'ab': u'4', u'sac': u'0', u'pos': u'LF', u'ao': u'1', u'go': u'2', u'cs': u'0', u'fldg': u'1.000', u'avg': u'.160', u'id': u'543633', u'lob': u'1', u's_r': u'8', u'hr': u'0', u'r': u'1', u's_h': u'8', u'po': u'1', u's_bb': u'2', u'bb': u'0', u's_so': u'16', u'bo': u'600', u's_hr': u'1', u'd': u'1', u'a': u'0', u'e': u'0', u'name': u'Perez, J', u'h': u'1', u's_rbi': u'2', u'hbp': u'0', u'name_display_first_last': u'Juan Perez', u'so': u'0', u't': u'0', u'rbi': u'0', u'sb': u'0', u'sf': u'0'}, {u'ab': u'4', u'sac': u'0', u'pos': u'CF', u'ao': u'0', u'go': u'4', u'cs': u'0', u'fldg': u'1.000', u'avg': u'.241', u'id': u'453923', u'lob': u'1', u's_r': u'25', u'hr': u'0', u'r': u'1', u's_h': u'59', u'po': u'1', u's_bb': u'24', u'bb': u'0', u's_so': u'53', u'bo': u'700', u's_hr': u'1', u'd': u'0', u'a': u'0', u'e': u'0', u'name': u'Blanco, G', u'h': u'0', u's_rbi': u'19', u'hbp': u'0', u'name_display_first_last': u'Gregor Blanco', u'so': u'0', u't': u'0', u'rbi': u'0', u'sb': u'0', u'sf': u'0'}, {u'ab': u'4', u'sac': u'0', u'pos': u'SS', u'ao': u'0', u'go': u'1', u'cs': u'0', u'fldg': u'1.000', u'avg': u'.240', u'id': u'543063', u'lob': u'0', u's_r': u'42', u'hr': u'0', u'r': u'1', u's_h': u'81', u'po': u'3', u's_bb': u'44', u'bb': u'0', u's_so': u'87', u'bo': u'800', u's_hr': u'8', u'd': u'0', u'a': u'1', u'e': u'0', u'name': u'Crawford, B', u'h': u'3', u's_rbi': u'46', u'hbp': u'0', u'name_display_first_last': u'Brandon Crawford', u'so': u'0', u't': u'1', u'rbi': u'1', u'sb': u'0', u'sf': u'0'}, {u'ab': u'2', u'sac': u'1', u'pos': u'P', u'ao': u'0', u'go': u'3', u'cs': u'0', u'fldg': u'1.000', u'avg': u'.132', u'id': u'285064', u'lob': u'1', u's_r': u'2', u'hr': u'0', u'r': u'1', u's_h': u'5', u'po': u'0', u's_bb': u'1', u'bb': u'0', u's_so': u'12', u'bo': u'900', u's_hr': u'0', u'e': u'0', u'd': u'0', u'a': u'1', u'gidp': u'1', u'name': u'Vogelsong', u'h': u'0', u's_rbi': u'2', u'sf': u'0', u'name_display_first_last': u'Ryan Vogelsong', u'so': u'1', u't': u'0', u'rbi': u'0', u'sb': u'0', u'hbp': u'1'}], u't': u'2', u'rbi': u'5', u'text_data': u'\n         <doubles>Perez, J (3, Niese).</doubles><br/>\n         <triples>Crawford, B (9, Niese), Pence (7, Niese).</triples><br/>\n         <total_bases>Sandoval; Crawford, B 5; Duffy; Morse; Pence 3; Perez, J 2; Posey.</total_bases><br/>\n         <rbi>Crawford, B (46), Pence 3 (45), Duffy (1).</rbi><br/>\n         <risp_lob_two_out>Morse; Duffy.</risp_lob_two_out><br/>\n         <sac_bunts>Vogelsong.</sac_bunts><br/>\n         <grounded_into_dp>Posey, Vogelsong.</grounded_into_dp><br/>\n         <team_risp>3-for-7.</team_risp>\n         <team_lob>6.</team_lob>\n         <double_plays>2 (Crawford, B-Duffy-Morse, Morse-Crawford, B).</double_plays><br/><br/>', u'so': u'4', u'avg': u'.243', u'team_flag': u'away'}], u'away_sname': u'San Francisco', u'status_ind': u'F', u'venue_id': u'3289', u'venue_name': u'Citi Field', u'game_info': u'\n      <relief_no_out>Niese pitched to 1 batter in the 9th.</relief_no_out><br/><br/>\n      <hit_by_pitch>Duffy (by Niese), Vogelsong (by Niese).</hit_by_pitch><br/>\n      <pitches_to_strikes>Vogelsong 102-69, Niese 87-68, Black 11-6.</pitches_to_strikes><br/>\n      <groundouts_to_flyouts>Vogelsong 8-4, Niese 14-4, Black 1-0.</groundouts_to_flyouts><br/>\n      <batters_faced>Vogelsong 28, Niese 35, Black 3.</batters_faced><br/>\n      <inherited_runners_scored>Black 1-0.</inherited_runners_scored><br/>\n      <umpires>\n         <umpire id="427269" position="HP" name="Jeff Kellogg"></umpire>\n         <umpire id="427366" position="1B" name="Brian O\'Nora"></umpire>\n         <umpire id="482666" position="2B" name="D.J. Reyburn"></umpire>\n         <umpire id="521251" position="3B" name="Ben May"></umpire>\n      </umpires>\n      <weather>77 degrees, cloudy</weather>\n      <wind>10 mph, Out to LF</wind>\n      <time>2:06</time>\n      <attendance>28,905</attendance>\n      <wind>Citi Field</wind>\n      <wind>August 1, 2014</wind>', u'home_sport_code': u'mlb', u'home_id': u'121', u'pitching': [{u'bf': u'28', u'bb': u'1', u'hr': u'1', u'h': u'2', u'pitcher': {u's_ip': u'127.2', u'win': u'true', u'pos': u'P', u'l': u'8', u's_er': u'53', u'hld': u'0', u'id': u'285064', u'er': u'1', u's_r': u'56', u'note': u'(W, 6-8)', u's_so': u'106', u'r': u'1', u'np': u'102', u's_h': u'129', u'out': u'27', u'bf': u'28', u's_bb': u'34', u'bb': u'1', u'hr': u'1', u'bs': u'0', u'name': u'Vogelsong', u'h': u'2', u'sv': u'0', u's': u'69', u'name_display_first_last': u'Ryan Vogelsong', u'so': u'5', u'era': u'3.74', u'w': u'6'}, u'r': u'1', u'so': u'5', u'era': u'3.37', u'out': u'27', u'team_flag': u'away', u'er': u'1'}, {u'bf': u'38', u'bb': u'1', u'hr': u'0', u'h': u'9', u'pitcher': [{u's_ip': u'122.1', u'pos': u'P', u'l': u'7', u's_er': u'44', u'hld': u'0', u'id': u'477003', u'er': u'3', u's_r': u'50', u'note': u'(L, 5-7)', u's_so': u'88', u'r': u'5', u'np': u'87', u's_h': u'122', u'out': u'24', u'bf': u'35', u's_bb': u'32', u'bb': u'0', u'hr': u'0', u'bs': u'0', u'loss': u'true', u'name': u'Niese', u'h': u'9', u'sv': u'0', u's': u'68', u'name_display_first_last': u'Jon Niese', u'so': u'4', u'era': u'3.24', u'w': u'5'}, {u's_ip': u'25.0', u'pos': u'P', u'l': u'3', u's_er': u'5', u'hld': u'8', u'id': u'502195', u'er': u'0', u's_r': u'6', u's_so': u'23', u'r': u'0', u'np': u'11', u's_h': u'17', u'out': u'3', u'bf': u'3', u'w': u'2', u'bb': u'1', u'hr': u'0', u'bs': u'0', u'name': u'Black', u'h': u'0', u'sv': u'0', u's': u'6', u'name_display_first_last': u'Vic Black', u'so': u'0', u'era': u'1.80', u's_bb': u'14'}], u'r': u'5', u'so': u'4', u'era': u'3.49', u'out': u'27', u'team_flag': u'home', u'er': u'3'}], u'away_fname': u'San Francisco Giants', u'home_loss': u'57', u'away_team_code': u'sfn', u'date': u'August 1, 2014', u'game_id': u'2014/08/01/sfnmlb-nynmlb-1', u'away_id': u'137', u'away_loss': u'50', u'linescore': {u'home_team_runs': u'1', u'home_team_hits': u'2', u'away_team_errors': u'0', u'away_team_runs': u'5', u'home_team_errors': u'1', u'inning_line_score': [{u'home': u'0', u'away': u'0', u'inning': u'1'}, {u'home': u'0', u'away': u'2', u'inning': u'2'}, {u'home': u'0', u'away': u'0', u'inning': u'3'}, {u'home': u'0', u'away': u'0', u'inning': u'4'}, {u'home': u'0', u'away': u'0', u'inning': u'5'}, {u'home': u'0', u'away': u'0', u'inning': u'6'}, {u'home': u'0', u'away': u'3', u'inning': u'7'}, {u'home': u'1', u'away': u'0', u'inning': u'8'}, {u'home': u'0', u'away': u'0', u'inning': u'9'}], u'away_team_hits': u'9'}, u'home_wins': u'52'}}
>>> foo.keys()
[u'boxscore']
>>> foo['boxscore']
{u'home_fname': u'New York Mets', u'away_wins': u'59', u'home_team_code': u'nyn', u'home_sname': u'NY Mets', u'game_pk': u'382178', u'batting': [{u'lob': u'3', u'ab': u'27', u'd': u'0', u'bb': u'1', u'po': u'27', u'hr': u'1', u'h': u'2', u'da': u'16', u'note': u'\n         <pinch_hitters>a-Grounded out for Black in the 9th. </pinch_hitters>', u'r': u'1', u'batter': [{u'ab': u'3', u'sac': u'0', u'pos': u'RF', u'ao': u'1', u'go': u'1', u'cs': u'0', u'fldg': u'1.000', u'avg': u'.232', u'id': u'434158', u'lob': u'0', u's_r': u'53', u'hr': u'0', u'r': u'0', u's_h': u'86', u'po': u'1', u's_bb': u'59', u'bb': u'1', u's_so': u'102', u'bo': u'100', u's_hr': u'15', u'd': u'0', u'a': u'0', u'e': u'0', u'name': u'Granderson', u'h': u'0', u's_rbi': u'44', u'hbp': u'0', u'name_display_first_last': u'Curtis Granderson', u'so': u'1', u't': u'0', u'rbi': u'0', u'sb': u'0', u'sf': u'0'}, {u'ab': u'3', u'sac': u'0', u'pos': u'2B', u'ao': u'2', u'go': u'2', u'cs': u'0', u'fldg': u'1.000', u'avg': u'.296', u'id': u'502517', u'lob': u'1', u's_r': u'62', u'hr': u'0', u'r': u'0', u's_h': u'131', u'po': u'4', u's_bb': u'32', u'bb': u'0', u's_so': u'60', u'bo': u'200', u's_hr': u'8', u'e': u'0', u'd': u'0', u'a': u'3', u'gidp': u'1', u'name': u'Murphy, Dn', u'h': u'0', u's_rbi': u'43', u'sf': u'0', u'name_display_first_last': u'Daniel Murphy', u'so': u'0', u't': u'0', u'rbi': u'0', u'sb': u'0', u'hbp': u'0'}, {u'ab': u'3', u'sac': u'0', u'pos': u'3B', u'ao': u'2', u'cs': u'0', u'fldg': u'1.000', u'avg': u'.270', u'id': u'431151', u'lob': u'0', u's_r': u'43', u'hr': u'0', u'r': u'0', u's_h': u'110', u'po': u'1', u's_bb': u'36', u'bb': u'0', u's_so': u'83', u'bo': u'300', u's_hr': u'8', u'd': u'0', u'a': u'4', u'e': u'0', u'name': u'Wright, D', u'h': u'0', u's_rbi': u'52', u'hbp': u'0', u'name_display_first_last': u'David Wright', u'so': u'1', u't': u'0', u'rbi': u'0', u'sb': u'0', u'sf': u'0'}, {u'ab': u'3', u'sac': u'0', u'pos': u'1B', u'ao': u'1', u'go': u'1', u'cs': u'0', u'fldg': u'1.000', u'avg': u'.263', u'id': u'446263', u'lob': u'0', u's_r': u'48', u'hr': u'1', u'r': u'1', u's_h': u'86', u'po': u'10', u's_bb': u'44', u'bb': u'0', u's_so': u'80', u'bo': u'400', u's_hr': u'20', u'd': u'0', u'a': u'1', u'e': u'0', u'name': u'Duda', u'h': u'1', u's_rbi': u'61', u'hbp': u'0', u'name_display_first_last': u'Lucas Duda', u'so': u'0', u't': u'0', u'rbi': u'1', u'sb': u'0', u'sf': u'0'}, {u'ab': u'3', u'sac': u'0', u'pos': u'LF', u'ao': u'2', u'cs': u'0', u'fldg': u'.000', u'avg': u'.207', u'id': u'455759', u'lob': u'0', u's_r': u'30', u'hr': u'0', u'r': u'0', u's_h': u'50', u'po': u'0', u's_bb': u'24', u'bb': u'0', u's_so': u'52', u'bo': u'500', u's_hr': u'8', u'd': u'0', u'a': u'0', u'e': u'0', u'name': u'Young, C', u'h': u'0', u's_rbi': u'28', u'hbp': u'0', u'name_display_first_last': u'Chris Young', u'so': u'1', u't': u'0', u'rbi': u'0', u'sb': u'0', u'sf': u'0'}, {u'ab': u'3', u'sac': u'0', u'pos': u'C', u'ao': u'2', u'go': u'1', u'cs': u'0', u'fldg': u'1.000', u'avg': u'.226', u'id': u'518595', u'lob': u'0', u's_r': u'23', u'hr': u'0', u'r': u'0', u's_h': u'53', u'po': u'4', u's_bb': u'21', u'bb': u'0', u's_so': u'45', u'bo': u'600', u's_hr': u'7', u'd': u'0', u'a': u'0', u'e': u'0', u'name': u"d'Arnaud, T", u'h': u'0', u's_rbi': u'26', u'hbp': u'0', u'name_display_first_last': u"Travis d'Arnaud", u'so': u'0', u't': u'0', u'rbi': u'0', u'sb': u'0', u'sf': u'0'}, {u'ab': u'3', u'sac': u'0', u'pos': u'CF', u'ao': u'1', u'go': u'1', u'cs': u'0', u'fldg': u'1.000', u'avg': u'.279', u'id': u'501571', u'lob': u'0', u's_r': u'27', u'hr': u'0', u'r': u'0', u's_h': u'73', u'po': u'5', u's_bb': u'12', u'bb': u'0', u's_so': u'62', u'bo': u'700', u's_hr': u'2', u'd': u'0', u'a': u'0', u'e': u'0', u'name': u'Lagares', u'h': u'1', u's_rbi': u'28', u'hbp': u'0', u'name_display_first_last': u'Juan Lagares', u'so': u'0', u't': u'0', u'rbi': u'0', u'sb': u'0', u'sf': u'0'}, {u'ab': u'3', u'sac': u'0', u'pos': u'SS', u'ao': u'0', u'go': u'2', u'cs': u'0', u'fldg': u'1.000', u'avg': u'.231', u'id': u'514913', u'lob': u'1', u's_r': u'26', u'hr': u'0', u'r': u'0', u's_h': u'64', u'po': u'2', u's_bb': u'47', u'bb': u'0', u's_so': u'63', u'bo': u'800', u's_hr': u'2', u'd': u'0', u'a': u'6', u'e': u'0', u'name': u'Tejada, R', u'h': u'0', u's_rbi': u'23', u'hbp': u'0', u'name_display_first_last': u'Ruben Tejada', u'so': u'1', u't': u'0', u'rbi': u'0', u'sb': u'0', u'sf': u'0'}, {u'ab': u'2', u'sac': u'0', u'pos': u'P', u'ao': u'1', u'cs': u'0', u'fldg': u'.667', u'avg': u'.032', u'id': u'477003', u'lob': u'1', u's_r': u'2', u'hr': u'0', u'r': u'0', u's_h': u'1', u'po': u'0', u's_bb': u'5', u'bb': u'0', u's_so': u'21', u'bo': u'900', u's_hr': u'0', u'd': u'0', u'a': u'2', u'e': u'1', u'name': u'Niese', u'h': u'0', u's_rbi': u'3', u'hbp': u'0', u'name_display_first_last': u'Jon Niese', u'so': u'1', u't': u'0', u'rbi': u'0', u'sb': u'0', u'sf': u'0'}, {u'ab': u'0', u'sac': u'0', u'pos': u'P', u'ao': u'0', u'cs': u'0', u'fldg': u'.000', u'avg': u'.000', u'id': u'502195', u'lob': u'0', u's_r': u'0', u'hr': u'0', u'r': u'0', u's_h': u'0', u'po': u'0', u's_bb': u'0', u'bb': u'0', u's_so': u'0', u'bo': u'901', u's_hr': u'0', u'd': u'0', u'a': u'0', u'e': u'0', u'name': u'Black', u'h': u'0', u's_rbi': u'0', u'hbp': u'0', u'name_display_first_last': u'Vic Black', u'so': u'0', u't': u'0', u'rbi': u'0', u'sb': u'0', u'sf': u'0'}, {u'ab': u'1', u'sac': u'0', u'pos': u'PH', u'ao': u'0', u'go': u'1', u'cs': u'0', u'fldg': u'.000', u'avg': u'.238', u'id': u'110029', u'lob': u'0', u's_r': u'12', u'note': u'a-', u'hr': u'0', u'r': u'0', u's_h': u'29', u'po': u'0', u's_bb': u'18', u'bb': u'0', u's_so': u'21', u'bo': u'902', u's_hr': u'1', u'd': u'0', u'a': u'0', u'e': u'0', u'name': u'Abreu', u'h': u'0', u's_rbi': u'14', u'sf': u'0', u'name_display_first_last': u'Bobby Abreu', u'so': u'0', u't': u'0', u'rbi': u'0', u'sb': u'0', u'hbp': u'0'}], u't': u'0', u'rbi': u'1', u'text_data': u'\n         <home_runs>Duda (20, 8th inning off Vogelsong, 0 on, 0 out).</home_runs><br/>\n         <total_bases>Duda 4; Lagares.</total_bases><br/>\n         <rbi>Duda (61).</rbi><br/>\n         <grounded_into_dp>Murphy, Dn.</grounded_into_dp><br/>\n         <team_risp>0-for-1.</team_risp>\n         <errors>Niese (3, throw).</errors><br/>\n         <double_plays>2 (Murphy, Dn-Tejada, R-Duda, Duda-Tejada, R-Murphy, Dn).</double_plays><br/><br/>', u'so': u'5', u'avg': u'.238', u'team_flag': u'home'}, {u'lob': u'11', u'ab': u'34', u'd': u'1', u'bb': u'1', u'po': u'27', u'hr': u'0', u'h': u'9', u'da': u'10', u'r': u'5', u'batter': [{u'ab': u'4', u'sac': u'0', u'pos': u'RF', u'ao': u'1', u'go': u'1', u'cs': u'0', u'fldg': u'1.000', u'avg': u'.288', u'id': u'452254', u'lob': u'1', u's_r': u'74', u'hr': u'0', u'r': u'1', u's_h': u'128', u'po': u'3', u's_bb': u'35', u'bb': u'1', u's_so': u'80', u'bo': u'100', u's_hr': u'13', u'd': u'0', u'a': u'0', u'e': u'0', u'name': u'Pence', u'h': u'1', u's_rbi': u'45', u'hbp': u'0', u'name_display_first_last': u'Hunter Pence', u'so': u'1', u't': u'1', u'rbi': u'3', u'sb': u'0', u'sf': u'0'}, {u'ab': u'4', u'sac': u'0', u'pos': u'2B', u'ao': u'2', u'go': u'1', u'cs': u'0', u'fldg': u'1.000', u'avg': u'.250', u'id': u'622110', u'lob': u'2', u's_r': u'0', u'hr': u'0', u'r': u'0', u's_h': u'1', u'po': u'2', u's_bb': u'0', u'bb': u'0', u's_so': u'0', u'bo': u'200', u's_hr': u'0', u'd': u'0', u'a': u'4', u'e': u'0', u'name': u'Duffy', u'h': u'1', u's_rbi': u'1', u'hbp': u'1', u'name_display_first_last': u'Matt Duffy', u'so': u'0', u't': u'0', u'rbi': u'1', u'sb': u'0', u'sf': u'0'}, {u'ab': u'4', u'sac': u'0', u'pos': u'C', u'ao': u'0', u'go': u'3', u'cs': u'0', u'fldg': u'1.000', u'avg': u'.281', u'id': u'457763', u'lob': u'2', u's_r': u'40', u'hr': u'0', u'r': u'0', u's_h': u'101', u'po': u'5', u's_bb': u'34', u'bb': u'0', u's_so': u'45', u'bo': u'300', u's_hr': u'12', u'e': u'0', u'd': u'0', u'a': u'0', u'gidp': u'1', u'name': u'Posey', u'h': u'1', u's_rbi': u'54', u'sf': u'0', u'name_display_first_last': u'Buster Posey', u'so': u'1', u't': u'0', u'rbi': u'0', u'sb': u'0', u'hbp': u'0'}, {u'ab': u'4', u'sac': u'0', u'pos': u'3B', u'ao': u'2', u'go': u'1', u'cs': u'0', u'fldg': u'1.000', u'avg': u'.277', u'id': u'467055', u'lob': u'1', u's_r': u'48', u'hr': u'0', u'r': u'0', u's_h': u'108', u'po': u'2', u's_bb': u'28', u'bb': u'0', u's_so': u'61', u'bo': u'400', u's_hr': u'12', u'd': u'0', u'a': u'3', u'e': u'0', u'name': u'Sandoval', u'h': u'1', u's_rbi': u'45', u'hbp': u'0', u'name_display_first_last': u'Pablo Sandoval', u'so': u'0', u't': u'0', u'rbi': u'0', u'sb': u'0', u'sf': u'0'}, {u'ab': u'4', u'sac': u'0', u'pos': u'1B', u'ao': u'1', u'go': u'1', u'cs': u'0', u'fldg': u'1.000', u'avg': u'.275', u'id': u'434604', u'lob': u'2', u's_r': u'38', u'hr': u'0', u'r': u'0', u's_h': u'100', u'po': u'6', u's_bb': u'23', u'bb': u'0', u's_so': u'100', u'bo': u'500', u's_hr': u'15', u'd': u'0', u'a': u'1', u'e': u'0', u'name': u'Morse', u'h': u'1', u's_rbi': u'49', u'hbp': u'0', u'name_display_first_last': u'Michael Morse', u'so': u'1', u't': u'0', u'rbi': u'0', u'sb': u'0', u'sf': u'0'}, {u'ab': u'0', u'sac': u'0', u'pos': u'1B', u'ao': u'0', u'cs': u'0', u'fldg': u'1.000', u'avg': u'.200', u'id': u'448170', u'lob': u'0', u's_r': u'2', u'hr': u'0', u'r': u'0', u's_h': u'7', u'po': u'4', u's_bb': u'3', u'bb': u'0', u's_so': u'12', u'bo': u'501', u's_hr': u'1', u'd': u'0', u'a': u'0', u'e': u'0', u'name': u'Ishikawa', u'h': u'0', u's_rbi': u'3', u'hbp': u'0', u'name_display_first_last': u'Travis Ishikawa', u'so': u'0', u't': u'0', u'rbi': u'0', u'sb': u'0', u'sf': u'0'}, {u'ab': u'4', u'sac': u'0', u'pos': u'LF', u'ao': u'1', u'go': u'2', u'cs': u'0', u'fldg': u'1.000', u'avg': u'.160', u'id': u'543633', u'lob': u'1', u's_r': u'8', u'hr': u'0', u'r': u'1', u's_h': u'8', u'po': u'1', u's_bb': u'2', u'bb': u'0', u's_so': u'16', u'bo': u'600', u's_hr': u'1', u'd': u'1', u'a': u'0', u'e': u'0', u'name': u'Perez, J', u'h': u'1', u's_rbi': u'2', u'hbp': u'0', u'name_display_first_last': u'Juan Perez', u'so': u'0', u't': u'0', u'rbi': u'0', u'sb': u'0', u'sf': u'0'}, {u'ab': u'4', u'sac': u'0', u'pos': u'CF', u'ao': u'0', u'go': u'4', u'cs': u'0', u'fldg': u'1.000', u'avg': u'.241', u'id': u'453923', u'lob': u'1', u's_r': u'25', u'hr': u'0', u'r': u'1', u's_h': u'59', u'po': u'1', u's_bb': u'24', u'bb': u'0', u's_so': u'53', u'bo': u'700', u's_hr': u'1', u'd': u'0', u'a': u'0', u'e': u'0', u'name': u'Blanco, G', u'h': u'0', u's_rbi': u'19', u'hbp': u'0', u'name_display_first_last': u'Gregor Blanco', u'so': u'0', u't': u'0', u'rbi': u'0', u'sb': u'0', u'sf': u'0'}, {u'ab': u'4', u'sac': u'0', u'pos': u'SS', u'ao': u'0', u'go': u'1', u'cs': u'0', u'fldg': u'1.000', u'avg': u'.240', u'id': u'543063', u'lob': u'0', u's_r': u'42', u'hr': u'0', u'r': u'1', u's_h': u'81', u'po': u'3', u's_bb': u'44', u'bb': u'0', u's_so': u'87', u'bo': u'800', u's_hr': u'8', u'd': u'0', u'a': u'1', u'e': u'0', u'name': u'Crawford, B', u'h': u'3', u's_rbi': u'46', u'hbp': u'0', u'name_display_first_last': u'Brandon Crawford', u'so': u'0', u't': u'1', u'rbi': u'1', u'sb': u'0', u'sf': u'0'}, {u'ab': u'2', u'sac': u'1', u'pos': u'P', u'ao': u'0', u'go': u'3', u'cs': u'0', u'fldg': u'1.000', u'avg': u'.132', u'id': u'285064', u'lob': u'1', u's_r': u'2', u'hr': u'0', u'r': u'1', u's_h': u'5', u'po': u'0', u's_bb': u'1', u'bb': u'0', u's_so': u'12', u'bo': u'900', u's_hr': u'0', u'e': u'0', u'd': u'0', u'a': u'1', u'gidp': u'1', u'name': u'Vogelsong', u'h': u'0', u's_rbi': u'2', u'sf': u'0', u'name_display_first_last': u'Ryan Vogelsong', u'so': u'1', u't': u'0', u'rbi': u'0', u'sb': u'0', u'hbp': u'1'}], u't': u'2', u'rbi': u'5', u'text_data': u'\n         <doubles>Perez, J (3, Niese).</doubles><br/>\n         <triples>Crawford, B (9, Niese), Pence (7, Niese).</triples><br/>\n         <total_bases>Sandoval; Crawford, B 5; Duffy; Morse; Pence 3; Perez, J 2; Posey.</total_bases><br/>\n         <rbi>Crawford, B (46), Pence 3 (45), Duffy (1).</rbi><br/>\n         <risp_lob_two_out>Morse; Duffy.</risp_lob_two_out><br/>\n         <sac_bunts>Vogelsong.</sac_bunts><br/>\n         <grounded_into_dp>Posey, Vogelsong.</grounded_into_dp><br/>\n         <team_risp>3-for-7.</team_risp>\n         <team_lob>6.</team_lob>\n         <double_plays>2 (Crawford, B-Duffy-Morse, Morse-Crawford, B).</double_plays><br/><br/>', u'so': u'4', u'avg': u'.243', u'team_flag': u'away'}], u'away_sname': u'San Francisco', u'status_ind': u'F', u'venue_id': u'3289', u'venue_name': u'Citi Field', u'game_info': u'\n      <relief_no_out>Niese pitched to 1 batter in the 9th.</relief_no_out><br/><br/>\n      <hit_by_pitch>Duffy (by Niese), Vogelsong (by Niese).</hit_by_pitch><br/>\n      <pitches_to_strikes>Vogelsong 102-69, Niese 87-68, Black 11-6.</pitches_to_strikes><br/>\n      <groundouts_to_flyouts>Vogelsong 8-4, Niese 14-4, Black 1-0.</groundouts_to_flyouts><br/>\n      <batters_faced>Vogelsong 28, Niese 35, Black 3.</batters_faced><br/>\n      <inherited_runners_scored>Black 1-0.</inherited_runners_scored><br/>\n      <umpires>\n         <umpire id="427269" position="HP" name="Jeff Kellogg"></umpire>\n         <umpire id="427366" position="1B" name="Brian O\'Nora"></umpire>\n         <umpire id="482666" position="2B" name="D.J. Reyburn"></umpire>\n         <umpire id="521251" position="3B" name="Ben May"></umpire>\n      </umpires>\n      <weather>77 degrees, cloudy</weather>\n      <wind>10 mph, Out to LF</wind>\n      <time>2:06</time>\n      <attendance>28,905</attendance>\n      <wind>Citi Field</wind>\n      <wind>August 1, 2014</wind>', u'home_sport_code': u'mlb', u'home_id': u'121', u'pitching': [{u'bf': u'28', u'bb': u'1', u'hr': u'1', u'h': u'2', u'pitcher': {u's_ip': u'127.2', u'win': u'true', u'pos': u'P', u'l': u'8', u's_er': u'53', u'hld': u'0', u'id': u'285064', u'er': u'1', u's_r': u'56', u'note': u'(W, 6-8)', u's_so': u'106', u'r': u'1', u'np': u'102', u's_h': u'129', u'out': u'27', u'bf': u'28', u's_bb': u'34', u'bb': u'1', u'hr': u'1', u'bs': u'0', u'name': u'Vogelsong', u'h': u'2', u'sv': u'0', u's': u'69', u'name_display_first_last': u'Ryan Vogelsong', u'so': u'5', u'era': u'3.74', u'w': u'6'}, u'r': u'1', u'so': u'5', u'era': u'3.37', u'out': u'27', u'team_flag': u'away', u'er': u'1'}, {u'bf': u'38', u'bb': u'1', u'hr': u'0', u'h': u'9', u'pitcher': [{u's_ip': u'122.1', u'pos': u'P', u'l': u'7', u's_er': u'44', u'hld': u'0', u'id': u'477003', u'er': u'3', u's_r': u'50', u'note': u'(L, 5-7)', u's_so': u'88', u'r': u'5', u'np': u'87', u's_h': u'122', u'out': u'24', u'bf': u'35', u's_bb': u'32', u'bb': u'0', u'hr': u'0', u'bs': u'0', u'loss': u'true', u'name': u'Niese', u'h': u'9', u'sv': u'0', u's': u'68', u'name_display_first_last': u'Jon Niese', u'so': u'4', u'era': u'3.24', u'w': u'5'}, {u's_ip': u'25.0', u'pos': u'P', u'l': u'3', u's_er': u'5', u'hld': u'8', u'id': u'502195', u'er': u'0', u's_r': u'6', u's_so': u'23', u'r': u'0', u'np': u'11', u's_h': u'17', u'out': u'3', u'bf': u'3', u'w': u'2', u'bb': u'1', u'hr': u'0', u'bs': u'0', u'name': u'Black', u'h': u'0', u'sv': u'0', u's': u'6', u'name_display_first_last': u'Vic Black', u'so': u'0', u'era': u'1.80', u's_bb': u'14'}], u'r': u'5', u'so': u'4', u'era': u'3.49', u'out': u'27', u'team_flag': u'home', u'er': u'3'}], u'away_fname': u'San Francisco Giants', u'home_loss': u'57', u'away_team_code': u'sfn', u'date': u'August 1, 2014', u'game_id': u'2014/08/01/sfnmlb-nynmlb-1', u'away_id': u'137', u'away_loss': u'50', u'linescore': {u'home_team_runs': u'1', u'home_team_hits': u'2', u'away_team_errors': u'0', u'away_team_runs': u'5', u'home_team_errors': u'1', u'inning_line_score': [{u'home': u'0', u'away': u'0', u'inning': u'1'}, {u'home': u'0', u'away': u'2', u'inning': u'2'}, {u'home': u'0', u'away': u'0', u'inning': u'3'}, {u'home': u'0', u'away': u'0', u'inning': u'4'}, {u'home': u'0', u'away': u'0', u'inning': u'5'}, {u'home': u'0', u'away': u'0', u'inning': u'6'}, {u'home': u'0', u'away': u'3', u'inning': u'7'}, {u'home': u'1', u'away': u'0', u'inning': u'8'}, {u'home': u'0', u'away': u'0', u'inning': u'9'}], u'away_team_hits': u'9'}, u'home_wins': u'52'}
>>> foo['boxscore'].keys()
[u'home_fname', u'away_wins', u'home_team_code', u'home_sname', u'game_pk', u'batting', u'away_sname', u'status_ind', u'venue_id', u'venue_name', u'game_info', u'home_sport_code', u'home_id', u'pitching', u'away_fname', u'home_loss', u'away_team_code', u'date', u'game_id', u'away_id', u'away_loss', u'linescore', u'home_wins']
>>> foo['boxscore']['linescore']
{u'home_team_runs': u'1', u'home_team_hits': u'2', u'away_team_errors': u'0', u'away_team_runs': u'5', u'home_team_errors': u'1', u'inning_line_score': [{u'home': u'0', u'away': u'0', u'inning': u'1'}, {u'home': u'0', u'away': u'2', u'inning': u'2'}, {u'home': u'0', u'away': u'0', u'inning': u'3'}, {u'home': u'0', u'away': u'0', u'inning': u'4'}, {u'home': u'0', u'away': u'0', u'inning': u'5'}, {u'home': u'0', u'away': u'0', u'inning': u'6'}, {u'home': u'0', u'away': u'3', u'inning': u'7'}, {u'home': u'1', u'away': u'0', u'inning': u'8'}, {u'home': u'0', u'away': u'0', u'inning': u'9'}], u'away_team_hits': u'9'}
>>> foo['boxscore']['game_info']
u'\n      <relief_no_out>Niese pitched to 1 batter in the 9th.</relief_no_out><br/><br/>\n      <hit_by_pitch>Duffy (by Niese), Vogelsong (by Niese).</hit_by_pitch><br/>\n      <pitches_to_strikes>Vogelsong 102-69, Niese 87-68, Black 11-6.</pitches_to_strikes><br/>\n      <groundouts_to_flyouts>Vogelsong 8-4, Niese 14-4, Black 1-0.</groundouts_to_flyouts><br/>\n      <batters_faced>Vogelsong 28, Niese 35, Black 3.</batters_faced><br/>\n      <inherited_runners_scored>Black 1-0.</inherited_runners_scored><br/>\n      <umpires>\n         <umpire id="427269" position="HP" name="Jeff Kellogg"></umpire>\n         <umpire id="427366" position="1B" name="Brian O\'Nora"></umpire>\n         <umpire id="482666" position="2B" name="D.J. Reyburn"></umpire>\n         <umpire id="521251" position="3B" name="Ben May"></umpire>\n      </umpires>\n      <weather>77 degrees, cloudy</weather>\n      <wind>10 mph, Out to LF</wind>\n      <time>2:06</time>\n      <attendance>28,905</attendance>\n      <wind>Citi Field</wind>\n      <wind>August 1, 2014</wind>'
>>> foo['boxscore']['game_info']['attendance']
Traceback (most recent call last):
  File "<stdin>", line 1, in <module>
TypeError: string indices must be integers
>>> foo['boxscore']['linescore']['home_team_runs']
u'1'
>>> foo['boxscore']['linescore']['home_team_errors']
u'1'
>>> foo['boxscore']['linescore']['away_team_errors']
u'0'
>>> foo['boxscore']['linescore']['away_team_runs']
u'5'
>>> foo['boxscore']['home_team_code']
u'nyn'
>>> foo['boxscore']['away_team_code'] == 'nyn'
False
>>> strcmp('a','b')
Traceback (most recent call last):
  File "<stdin>", line 1, in <module>
NameError: name 'strcmp' is not defined
>>> import strings
Traceback (most recent call last):
  File "<stdin>", line 1, in <module>
ImportError: No module named strings
>>> import string
>>> string.strcmp('a','b')
Traceback (most recent call last):
  File "<stdin>", line 1, in <module>
AttributeError: 'module' object has no attribute 'strcmp'
>>> 'nyn' in foo['boxscore']['home_team_code']
True
>>> 'nyn' == foo['boxscore']['home_team_code']
True
>>> soup = BeautifulSoup(foo['boxscore']['game_info'])
Traceback (most recent call last):
  File "<stdin>", line 1, in <module>
NameError: name 'BeautifulSoup' is not defined
>>> from bs4 import BeautifulSoup
>>> soup = BeautifulSoup(foo['boxscore']['game_info'])
>>> soup
<html><body><relief_no_out>Niese pitched to 1 batter in the 9th.</relief_no_out><br/><br/>
<hit_by_pitch>Duffy (by Niese), Vogelsong (by Niese).</hit_by_pitch><br/>
<pitches_to_strikes>Vogelsong 102-69, Niese 87-68, Black 11-6.</pitches_to_strikes><br/>
<groundouts_to_flyouts>Vogelsong 8-4, Niese 14-4, Black 1-0.</groundouts_to_flyouts><br/>
<batters_faced>Vogelsong 28, Niese 35, Black 3.</batters_faced><br/>
<inherited_runners_scored>Black 1-0.</inherited_runners_scored><br/>
<umpires>
<umpire id="427269" name="Jeff Kellogg" position="HP"></umpire>
<umpire id="427366" name="Brian O'Nora" position="1B"></umpire>
<umpire id="482666" name="D.J. Reyburn" position="2B"></umpire>
<umpire id="521251" name="Ben May" position="3B"></umpire>
</umpires>
<weather>77 degrees, cloudy</weather>
<wind>10 mph, Out to LF</wind>
<time>2:06</time>
<attendance>28,905</attendance>
<wind>Citi Field</wind>
<wind>August 1, 2014</wind></body></html>
>>> soup.findall('attendance')
Traceback (most recent call last):
  File "<stdin>", line 1, in <module>
TypeError: 'NoneType' object is not callable
>>> soup
<html><body><relief_no_out>Niese pitched to 1 batter in the 9th.</relief_no_out><br/><br/>
<hit_by_pitch>Duffy (by Niese), Vogelsong (by Niese).</hit_by_pitch><br/>
<pitches_to_strikes>Vogelsong 102-69, Niese 87-68, Black 11-6.</pitches_to_strikes><br/>
<groundouts_to_flyouts>Vogelsong 8-4, Niese 14-4, Black 1-0.</groundouts_to_flyouts><br/>
<batters_faced>Vogelsong 28, Niese 35, Black 3.</batters_faced><br/>
<inherited_runners_scored>Black 1-0.</inherited_runners_scored><br/>
<umpires>
<umpire id="427269" name="Jeff Kellogg" position="HP"></umpire>
<umpire id="427366" name="Brian O'Nora" position="1B"></umpire>
<umpire id="482666" name="D.J. Reyburn" position="2B"></umpire>
<umpire id="521251" name="Ben May" position="3B"></umpire>
</umpires>
<weather>77 degrees, cloudy</weather>
<wind>10 mph, Out to LF</wind>
<time>2:06</time>
<attendance>28,905</attendance>
<wind>Citi Field</wind>
<wind>August 1, 2014</wind></body></html>
>>> soup.findall('attendance')
Traceback (most recent call last):
  File "<stdin>", line 1, in <module>
TypeError: 'NoneType' object is not callable
>>> soup
<html><body><relief_no_out>Niese pitched to 1 batter in the 9th.</relief_no_out><br/><br/>
<hit_by_pitch>Duffy (by Niese), Vogelsong (by Niese).</hit_by_pitch><br/>
<pitches_to_strikes>Vogelsong 102-69, Niese 87-68, Black 11-6.</pitches_to_strikes><br/>
<groundouts_to_flyouts>Vogelsong 8-4, Niese 14-4, Black 1-0.</groundouts_to_flyouts><br/>
<batters_faced>Vogelsong 28, Niese 35, Black 3.</batters_faced><br/>
<inherited_runners_scored>Black 1-0.</inherited_runners_scored><br/>
<umpires>
<umpire id="427269" name="Jeff Kellogg" position="HP"></umpire>
<umpire id="427366" name="Brian O'Nora" position="1B"></umpire>
<umpire id="482666" name="D.J. Reyburn" position="2B"></umpire>
<umpire id="521251" name="Ben May" position="3B"></umpire>
</umpires>
<weather>77 degrees, cloudy</weather>
<wind>10 mph, Out to LF</wind>
<time>2:06</time>
<attendance>28,905</attendance>
<wind>Citi Field</wind>
<wind>August 1, 2014</wind></body></html>
>>> type(soup)
<class 'bs4.BeautifulSoup'>
>>> soup.findAll('attendance')
[<attendance>28,905</attendance>]
>>> soup.find_all('attendance')
[<attendance>28,905</attendance>]
>>> soup.find_all('attendance').string
Traceback (most recent call last):
  File "<stdin>", line 1, in <module>
AttributeError: 'list' object has no attribute 'string'
>>> soup.find_all('attendance')[0].string
u'28,905'
>>> int(soup.find_all('attendance')[0].string)
Traceback (most recent call last):
  File "<stdin>", line 1, in <module>
ValueError: invalid literal for int() with base 10: '28,905'
>>> int(soup.find_all('attendance')[0].string.replace(',',''))
28905
>>> int(soup.find_all('attendance')[0].string.replace(',',''))-1
28904
>>> 